#
# There is insufficient memory for the Java Runtime Environment to continue.
# Native memory allocation (malloc) failed to allocate 700096 bytes for Chunk::new
# Possible reasons:
#   The system is out of physical RAM or swap space
#   The process is running with CompressedOops enabled, and the Java Heap may be blocking the growth of the native heap
# Possible solutions:
#   Reduce memory load on the system
#   Increase physical memory or swap space
#   Check if swap backing store is full
#   Decrease Java heap size (-Xmx/-Xms)
#   Decrease number of Java threads
#   Decrease Java thread stack sizes (-Xss)
#   Set larger code cache with -XX:ReservedCodeCacheSize=
#   JVM is running with Unscaled Compressed Oops mode in which the Java heap is
#     placed in the first 4GB address space. The Java Heap base address is the
#     maximum limit for the native heap growth. Please use -XX:HeapBaseMinAddress
#     to set the Java Heap base and to place the Java Heap above 4GB virtual address.
# This output file may be truncated or incomplete.
#
#  Out of Memory Error (arena.cpp:168), pid=1420, tid=22128
#
# JRE version: Java(TM) SE Runtime Environment (21.0.4+8) (build 21.0.4+8-LTS-274)
# Java VM: Java HotSpot(TM) 64-Bit Server VM (21.0.4+8-LTS-274, mixed mode, sharing, tiered, compressed oops, compressed class ptrs, g1 gc, windows-amd64)
# No core dump will be written. Minidumps are not enabled by default on client versions of Windows
#

---------------  S U M M A R Y ------------

Command Line: -javaagent:D:\java\IntelliJ IDEA Community Edition 2025.2.3\lib\idea_rt.jar=62442 -Dfile.encoding=UTF-8 -Dsun.stdout.encoding=UTF-8 -Dsun.stderr.encoding=UTF-8 com.ieltsgrading.ielts_evaluator.EoEoIeltsGradingAppApplication

Host: 12th Gen Intel(R) Core(TM) i5-1240P, 16 cores, 7G,  Windows 11 , 64 bit Build 22621 (10.0.22621.3958)
Time: Sat Dec 20 21:52:30 2025 SE Asia Standard Time elapsed time: 12.180201 seconds (0d 0h 0m 12s)

---------------  T H R E A D  ---------------

Current thread (0x00000253cad3a4d0):  JavaThread "C2 CompilerThread3" daemon [_thread_in_native, id=22128, stack(0x000000c58b100000,0x000000c58b200000) (1024K)]


Current CompileTask:
C2:  12180 8261 % !   4       org.springframework.beans.factory.support.DefaultListableBeanFactory::doGetBeanNamesForType @ 20 (527 bytes)

Stack: [0x000000c58b100000,0x000000c58b200000]
Native frames: (J=compiled Java code, j=interpreted, Vv=VM code, C=native code)
V  [jvm.dll+0x6c8e59]
V  [jvm.dll+0x853181]
V  [jvm.dll+0x8556ae]
V  [jvm.dll+0x855d83]
V  [jvm.dll+0x27d526]
V  [jvm.dll+0xc4aad]
V  [jvm.dll+0xc4fe3]
V  [jvm.dll+0x2f038f]
V  [jvm.dll+0x5f406a]
V  [jvm.dll+0x24f102]
V  [jvm.dll+0x24791e]
V  [jvm.dll+0x245754]
V  [jvm.dll+0x1c69de]
V  [jvm.dll+0x254d49]
V  [jvm.dll+0x2532da]
V  [jvm.dll+0x3ed426]
V  [jvm.dll+0x7fd65b]
V  [jvm.dll+0x6c753d]
C  [ucrtbase.dll+0x29333]
C  [KERNEL32.DLL+0x1257d]
C  [ntdll.dll+0x5af28]


---------------  P R O C E S S  ---------------

Threads class SMR info:
_java_thread_list=0x00000253c99ae380, length=27, elements={
0x00000253e2ab0ce0, 0x00000253fff6a9e0, 0x00000253fff6d710, 0x00000253fff6f540,
0x00000253fff70330, 0x00000253fff70f10, 0x00000253fff72fe0, 0x00000253fff7be90,
0x00000253fff82f40, 0x00000253fff83ce0, 0x00000253fff74390, 0x00000253fff71c30,
0x00000253fff722c0, 0x00000253fff84a80, 0x00000253fff85150, 0x00000253fff73670,
0x00000253fff73d00, 0x00000253cba0d090, 0x00000253cba0f7f0, 0x00000253cba0c370,
0x00000253cba0bce0, 0x00000253cba0ddb0, 0x00000253cba08ef0, 0x00000253fff83610,
0x00000253fff821a0, 0x00000253cad3a4d0, 0x00000253cad36e50
}

Java Threads: ( => current thread )
  0x00000253e2ab0ce0 JavaThread "main"                              [_thread_blocked, id=4812, stack(0x000000c588200000,0x000000c588300000) (1024K)]
  0x00000253fff6a9e0 JavaThread "Reference Handler"          daemon [_thread_blocked, id=25448, stack(0x000000c588a00000,0x000000c588b00000) (1024K)]
  0x00000253fff6d710 JavaThread "Finalizer"                  daemon [_thread_blocked, id=15564, stack(0x000000c588b00000,0x000000c588c00000) (1024K)]
  0x00000253fff6f540 JavaThread "Signal Dispatcher"          daemon [_thread_blocked, id=18224, stack(0x000000c588c00000,0x000000c588d00000) (1024K)]
  0x00000253fff70330 JavaThread "Attach Listener"            daemon [_thread_blocked, id=27684, stack(0x000000c588d00000,0x000000c588e00000) (1024K)]
  0x00000253fff70f10 JavaThread "Service Thread"             daemon [_thread_blocked, id=9768, stack(0x000000c588e00000,0x000000c588f00000) (1024K)]
  0x00000253fff72fe0 JavaThread "Monitor Deflation Thread"   daemon [_thread_blocked, id=20772, stack(0x000000c588f00000,0x000000c589000000) (1024K)]
  0x00000253fff7be90 JavaThread "C2 CompilerThread0"         daemon [_thread_in_native, id=21668, stack(0x000000c589000000,0x000000c589100000) (1024K)]
  0x00000253fff82f40 JavaThread "C1 CompilerThread0"         daemon [_thread_blocked, id=21580, stack(0x000000c589100000,0x000000c589200000) (1024K)]
  0x00000253fff83ce0 JavaThread "C1 CompilerThread1"         daemon [_thread_blocked, id=11316, stack(0x000000c589200000,0x000000c589300000) (1024K)]
  0x00000253fff74390 JavaThread "Common-Cleaner"             daemon [_thread_blocked, id=22184, stack(0x000000c589300000,0x000000c589400000) (1024K)]
  0x00000253fff71c30 JavaThread "Monitor Ctrl-Break"         daemon [_thread_in_native, id=27456, stack(0x000000c589600000,0x000000c589700000) (1024K)]
  0x00000253fff722c0 JavaThread "Notification Thread"        daemon [_thread_blocked, id=12724, stack(0x000000c589700000,0x000000c589800000) (1024K)]
  0x00000253fff84a80 JavaThread "C1 CompilerThread2"         daemon [_thread_in_native, id=21120, stack(0x000000c589800000,0x000000c589900000) (1024K)]
  0x00000253fff85150 JavaThread "C1 CompilerThread3"         daemon [_thread_in_native, id=20504, stack(0x000000c589900000,0x000000c589a00000) (1024K)]
  0x00000253fff73670 JavaThread "Thread-0"                          [_thread_blocked, id=15936, stack(0x000000c589a00000,0x000000c589b00000) (1024K)]
  0x00000253fff73d00 JavaThread "restartedMain"                     [_thread_in_Java, id=26680, stack(0x000000c589f00000,0x000000c58a000000) (1024K)]
  0x00000253cba0d090 JavaThread "Catalina-utility-1"                [_thread_blocked, id=14016, stack(0x000000c58ac00000,0x000000c58ad00000) (1024K)]
  0x00000253cba0f7f0 JavaThread "Catalina-utility-2"                [_thread_blocked, id=6320, stack(0x000000c58ad00000,0x000000c58ae00000) (1024K)]
  0x00000253cba0c370 JavaThread "container-0"                       [_thread_blocked, id=9428, stack(0x000000c58ae00000,0x000000c58af00000) (1024K)]
  0x00000253cba0bce0 JavaThread "mysql-cj-abandoned-connection-cleanup" daemon [_thread_blocked, id=28588, stack(0x000000c58af00000,0x000000c58b000000) (1024K)]
  0x00000253cba0ddb0 JavaThread "HikariPool-1:housekeeper"   daemon [_thread_blocked, id=19660, stack(0x000000c58a500000,0x000000c58a600000) (1024K)]
  0x00000253cba08ef0 JavaThread "HikariPool-1:connection-adder" daemon [_thread_blocked, id=14012, stack(0x000000c58b000000,0x000000c58b100000) (1024K)]
  0x00000253fff83610 JavaThread "C2 CompilerThread1"         daemon [_thread_in_native, id=5752, stack(0x000000c589400000,0x000000c589500000) (1024K)]
  0x00000253fff821a0 JavaThread "C2 CompilerThread2"         daemon [_thread_in_native, id=4460, stack(0x000000c58a400000,0x000000c58a500000) (1024K)]
=>0x00000253cad3a4d0 JavaThread "C2 CompilerThread3"         daemon [_thread_in_native, id=22128, stack(0x000000c58b100000,0x000000c58b200000) (1024K)]
  0x00000253cad36e50 JavaThread "C2 CompilerThread4"         daemon [_thread_in_native, id=14844, stack(0x000000c58b200000,0x000000c58b300000) (1024K)]
Total: 27

Other Threads:
  0x00000253fff51050 VMThread "VM Thread"                           [id=1276, stack(0x000000c588900000,0x000000c588a00000) (1024K)]
  0x00000253fff35bb0 WatcherThread "VM Periodic Task Thread"        [id=7880, stack(0x000000c588800000,0x000000c588900000) (1024K)]
  0x00000253e2c81cc0 WorkerThread "GC Thread#0"                     [id=12024, stack(0x000000c588300000,0x000000c588400000) (1024K)]
  0x00000253c7e5d050 WorkerThread "GC Thread#1"                     [id=8148, stack(0x000000c589b00000,0x000000c589c00000) (1024K)]
  0x00000253c7f7be90 WorkerThread "GC Thread#2"                     [id=16412, stack(0x000000c589c00000,0x000000c589d00000) (1024K)]
  0x00000253c8017f40 WorkerThread "GC Thread#3"                     [id=22132, stack(0x000000c589d00000,0x000000c589e00000) (1024K)]
  0x00000253c7c28000 WorkerThread "GC Thread#4"                     [id=17704, stack(0x000000c589e00000,0x000000c589f00000) (1024K)]
  0x00000253c84972b0 WorkerThread "GC Thread#5"                     [id=9040, stack(0x000000c58a000000,0x000000c58a100000) (1024K)]
  0x00000253c8497650 WorkerThread "GC Thread#6"                     [id=12936, stack(0x000000c58a100000,0x000000c58a200000) (1024K)]
  0x00000253c8498130 WorkerThread "GC Thread#7"                     [id=19096, stack(0x000000c58a200000,0x000000c58a300000) (1024K)]
  0x00000253c8497d90 WorkerThread "GC Thread#8"                     [id=9752, stack(0x000000c58a300000,0x000000c58a400000) (1024K)]
  0x00000253c98b6410 WorkerThread "GC Thread#9"                     [id=4540, stack(0x000000c58a600000,0x000000c58a700000) (1024K)]
  0x00000253c98b5930 WorkerThread "GC Thread#10"                    [id=27444, stack(0x000000c58a700000,0x000000c58a800000) (1024K)]
  0x00000253c98b79d0 WorkerThread "GC Thread#11"                    [id=25340, stack(0x000000c58a800000,0x000000c58a900000) (1024K)]
  0x00000253c98b6b50 WorkerThread "GC Thread#12"                    [id=20100, stack(0x000000c58a900000,0x000000c58aa00000) (1024K)]
  0x00000253e2c92c20 ConcurrentGCThread "G1 Main Marker"            [id=6712, stack(0x000000c588400000,0x000000c588500000) (1024K)]
  0x00000253e2c93720 WorkerThread "G1 Conc#0"                       [id=4128, stack(0x000000c588500000,0x000000c588600000) (1024K)]
  0x00000253c98b5590 WorkerThread "G1 Conc#1"                       [id=7252, stack(0x000000c58aa00000,0x000000c58ab00000) (1024K)]
  0x00000253c98b7630 WorkerThread "G1 Conc#2"                       [id=1168, stack(0x000000c58ab00000,0x000000c58ac00000) (1024K)]
  0x00000253e2cde060 ConcurrentGCThread "G1 Refine#0"               [id=3552, stack(0x000000c588600000,0x000000c588700000) (1024K)]
  0x00000253ffe05610 ConcurrentGCThread "G1 Service"                [id=13096, stack(0x000000c588700000,0x000000c588800000) (1024K)]
Total: 21

Threads with active compile tasks:
C2 CompilerThread0    12213 8287 % !   4       org.springframework.util.ReflectionUtils::doWithMethods @ 31 (189 bytes)
C1 CompilerThread0    12213 8318       3       org.springframework.data.mapping.model.AnnotationBasedPersistentProperty$$Lambda/0x00000253839734f8::apply (12 bytes)
C1 CompilerThread1    12213 8321       3       org.springframework.data.mapping.model.AnnotationBasedPersistentProperty$$Lambda/0x0000025383973738::<init> (10 bytes)
C1 CompilerThread2    12213 8320       3       org.springframework.data.mapping.model.AnnotationBasedPersistentProperty::getAccessors (38 bytes)
C1 CompilerThread3    12213 8319       3       org.springframework.data.mapping.model.AnnotationBasedPersistentProperty::lambda$doFindAnnotation$12 (31 bytes)
C2 CompilerThread1    12214 8199       4       org.springframework.core.ResolvableType::forType (112 bytes)
C2 CompilerThread2    12214 8264       4       java.lang.PublicMethods::merge (81 bytes)
C2 CompilerThread3    12214 8261 % !   4       org.springframework.beans.factory.support.DefaultListableBeanFactory::doGetBeanNamesForType @ 20 (527 bytes)
C2 CompilerThread4    12214 8271   !   4       java.lang.invoke.MemberName$Factory::resolve (159 bytes)
Total: 9

VM state: not at safepoint (normal execution)

VM Mutex/Monitor currently owned by a thread: None

Heap address: 0x0000000085200000, size: 1966 MB, Compressed Oops mode: 32-bit

CDS archive(s) mapped at: [0x0000025382000000-0x0000025382c90000-0x0000025382c90000), size 13172736, SharedBaseAddress: 0x0000025382000000, ArchiveRelocationMode: 1.
Compressed class space mapped at: 0x0000025383000000-0x00000253c3000000, reserved size: 1073741824
Narrow klass base: 0x0000025382000000, Narrow klass shift: 0, Narrow klass range: 0x100000000

GC Precious Log:
 CardTable entry size: 512
 Card Set container configuration: InlinePtr #cards 5 size 8 Array Of Cards #cards 12 size 40 Howl #buckets 4 coarsen threshold 1843 Howl Bitmap #cards 512 size 80 coarsen threshold 460 Card regions per heap region 1 cards per card region 2048
 CPUs: 16 total, 16 available
 Memory: 7860M
 Large Page Support: Disabled
 NUMA Support: Disabled
 Compressed Oops: Enabled (32-bit)
 Heap Region Size: 1M
 Heap Min Capacity: 8M
 Heap Initial Capacity: 124M
 Heap Max Capacity: 1966M
 Pre-touch: Disabled
 Parallel Workers: 13
 Concurrent Workers: 3
 Concurrent Refinement Workers: 13
 Periodic GC: Disabled

Heap:
 garbage-first heap   total 66560K, used 44890K [0x0000000085200000, 0x0000000100000000)
  region size 1024K, 14 young (14336K), 3 survivors (3072K)
 Metaspace       used 68521K, committed 69184K, reserved 1114112K
  class space    used 9312K, committed 9600K, reserved 1048576K

Heap Regions: E=young(eden), S=young(survivor), O=old, HS=humongous(starts), HC=humongous(continues), CS=collection set, F=free, TAMS=top-at-mark-start, PB=parsable bottom
|   0|0x0000000085200000, 0x0000000085300000, 0x0000000085300000|100%|HS|  |TAMS 0x0000000085200000| PB 0x0000000085200000| Complete 
|   1|0x0000000085300000, 0x0000000085400000, 0x0000000085400000|100%|HS|  |TAMS 0x0000000085300000| PB 0x0000000085300000| Complete 
|   2|0x0000000085400000, 0x0000000085500000, 0x0000000085500000|100%| O|  |TAMS 0x0000000085400000| PB 0x0000000085400000| Untracked 
|   3|0x0000000085500000, 0x0000000085600000, 0x0000000085600000|100%| O|  |TAMS 0x0000000085500000| PB 0x0000000085500000| Untracked 
|   4|0x0000000085600000, 0x0000000085700000, 0x0000000085700000|100%| O|  |TAMS 0x0000000085600000| PB 0x0000000085600000| Untracked 
|   5|0x0000000085700000, 0x0000000085800000, 0x0000000085800000|100%| O|  |TAMS 0x0000000085700000| PB 0x0000000085700000| Untracked 
|   6|0x0000000085800000, 0x0000000085900000, 0x0000000085900000|100%| O|  |TAMS 0x0000000085800000| PB 0x0000000085800000| Untracked 
|   7|0x0000000085900000, 0x0000000085a00000, 0x0000000085a00000|100%| O|  |TAMS 0x0000000085900000| PB 0x0000000085900000| Untracked 
|   8|0x0000000085a00000, 0x0000000085b00000, 0x0000000085b00000|100%| O|  |TAMS 0x0000000085a00000| PB 0x0000000085a00000| Untracked 
|   9|0x0000000085b00000, 0x0000000085c00000, 0x0000000085c00000|100%| O|  |TAMS 0x0000000085b00000| PB 0x0000000085b00000| Untracked 
|  10|0x0000000085c00000, 0x0000000085d00000, 0x0000000085d00000|100%| O|  |TAMS 0x0000000085c00000| PB 0x0000000085c00000| Untracked 
|  11|0x0000000085d00000, 0x0000000085e00000, 0x0000000085e00000|100%| O|  |TAMS 0x0000000085d00000| PB 0x0000000085d00000| Untracked 
|  12|0x0000000085e00000, 0x0000000085f00000, 0x0000000085f00000|100%| O|  |TAMS 0x0000000085e00000| PB 0x0000000085e00000| Untracked 
|  13|0x0000000085f00000, 0x0000000086000000, 0x0000000086000000|100%| O|  |TAMS 0x0000000085f00000| PB 0x0000000085f00000| Untracked 
|  14|0x0000000086000000, 0x0000000086100000, 0x0000000086100000|100%| O|  |TAMS 0x0000000086000000| PB 0x0000000086000000| Untracked 
|  15|0x0000000086100000, 0x0000000086100000, 0x0000000086200000|  0%| F|  |TAMS 0x0000000086100000| PB 0x0000000086100000| Untracked 
|  16|0x0000000086200000, 0x0000000086300000, 0x0000000086300000|100%| O|  |TAMS 0x0000000086200000| PB 0x0000000086200000| Untracked 
|  17|0x0000000086300000, 0x0000000086400000, 0x0000000086400000|100%| O|  |TAMS 0x0000000086300000| PB 0x0000000086300000| Untracked 
|  18|0x0000000086400000, 0x0000000086500000, 0x0000000086500000|100%| O|  |TAMS 0x0000000086400000| PB 0x0000000086400000| Untracked 
|  19|0x0000000086500000, 0x0000000086600000, 0x0000000086600000|100%| O|  |TAMS 0x0000000086500000| PB 0x0000000086500000| Untracked 
|  20|0x0000000086600000, 0x0000000086700000, 0x0000000086700000|100%| O|  |TAMS 0x0000000086600000| PB 0x0000000086600000| Untracked 
|  21|0x0000000086700000, 0x0000000086800000, 0x0000000086800000|100%| O|  |TAMS 0x0000000086700000| PB 0x0000000086700000| Untracked 
|  22|0x0000000086800000, 0x0000000086900000, 0x0000000086900000|100%| O|  |TAMS 0x0000000086800000| PB 0x0000000086800000| Untracked 
|  23|0x0000000086900000, 0x0000000086a00000, 0x0000000086a00000|100%| O|  |TAMS 0x0000000086900000| PB 0x0000000086900000| Untracked 
|  24|0x0000000086a00000, 0x0000000086b00000, 0x0000000086b00000|100%| O|  |TAMS 0x0000000086a00000| PB 0x0000000086a00000| Untracked 
|  25|0x0000000086b00000, 0x0000000086c00000, 0x0000000086c00000|100%| O|  |TAMS 0x0000000086b00000| PB 0x0000000086b00000| Untracked 
|  26|0x0000000086c00000, 0x0000000086d00000, 0x0000000086d00000|100%| O|  |TAMS 0x0000000086c00000| PB 0x0000000086c00000| Untracked 
|  27|0x0000000086d00000, 0x0000000086e00000, 0x0000000086e00000|100%| O|  |TAMS 0x0000000086d00000| PB 0x0000000086d00000| Untracked 
|  28|0x0000000086e00000, 0x0000000086efcbf0, 0x0000000086f00000| 98%| O|  |TAMS 0x0000000086e00000| PB 0x0000000086e00000| Untracked 
|  29|0x0000000086f00000, 0x0000000086f00000, 0x0000000087000000|  0%| F|  |TAMS 0x0000000086f00000| PB 0x0000000086f00000| Untracked 
|  30|0x0000000087000000, 0x0000000087000000, 0x0000000087100000|  0%| F|  |TAMS 0x0000000087000000| PB 0x0000000087000000| Untracked 
|  31|0x0000000087100000, 0x0000000087100000, 0x0000000087200000|  0%| F|  |TAMS 0x0000000087100000| PB 0x0000000087100000| Untracked 
|  32|0x0000000087200000, 0x00000000872d9f00, 0x0000000087300000| 85%| S|CS|TAMS 0x0000000087200000| PB 0x0000000087200000| Complete 
|  33|0x0000000087300000, 0x0000000087400000, 0x0000000087400000|100%| S|CS|TAMS 0x0000000087300000| PB 0x0000000087300000| Complete 
|  34|0x0000000087400000, 0x0000000087400000, 0x0000000087500000|  0%| F|  |TAMS 0x0000000087400000| PB 0x0000000087400000| Untracked 
|  35|0x0000000087500000, 0x0000000087500000, 0x0000000087600000|  0%| F|  |TAMS 0x0000000087500000| PB 0x0000000087500000| Untracked 
|  36|0x0000000087600000, 0x0000000087700000, 0x0000000087700000|100%| S|CS|TAMS 0x0000000087600000| PB 0x0000000087600000| Complete 
|  37|0x0000000087700000, 0x0000000087700000, 0x0000000087800000|  0%| F|  |TAMS 0x0000000087700000| PB 0x0000000087700000| Untracked 
|  38|0x0000000087800000, 0x0000000087800000, 0x0000000087900000|  0%| F|  |TAMS 0x0000000087800000| PB 0x0000000087800000| Untracked 
|  39|0x0000000087900000, 0x0000000087900000, 0x0000000087a00000|  0%| F|  |TAMS 0x0000000087900000| PB 0x0000000087900000| Untracked 
|  40|0x0000000087a00000, 0x0000000087a00000, 0x0000000087b00000|  0%| F|  |TAMS 0x0000000087a00000| PB 0x0000000087a00000| Untracked 
|  41|0x0000000087b00000, 0x0000000087b00000, 0x0000000087c00000|  0%| F|  |TAMS 0x0000000087b00000| PB 0x0000000087b00000| Untracked 
|  42|0x0000000087c00000, 0x0000000087c00000, 0x0000000087d00000|  0%| F|  |TAMS 0x0000000087c00000| PB 0x0000000087c00000| Untracked 
|  43|0x0000000087d00000, 0x0000000087d00000, 0x0000000087e00000|  0%| F|  |TAMS 0x0000000087d00000| PB 0x0000000087d00000| Untracked 
|  44|0x0000000087e00000, 0x0000000087e00000, 0x0000000087f00000|  0%| F|  |TAMS 0x0000000087e00000| PB 0x0000000087e00000| Untracked 
|  45|0x0000000087f00000, 0x0000000087f00000, 0x0000000088000000|  0%| F|  |TAMS 0x0000000087f00000| PB 0x0000000087f00000| Untracked 
|  46|0x0000000088000000, 0x0000000088000000, 0x0000000088100000|  0%| F|  |TAMS 0x0000000088000000| PB 0x0000000088000000| Untracked 
|  47|0x0000000088100000, 0x0000000088100000, 0x0000000088200000|  0%| F|  |TAMS 0x0000000088100000| PB 0x0000000088100000| Untracked 
|  48|0x0000000088200000, 0x0000000088200000, 0x0000000088300000|  0%| F|  |TAMS 0x0000000088200000| PB 0x0000000088200000| Untracked 
|  49|0x0000000088300000, 0x0000000088300000, 0x0000000088400000|  0%| F|  |TAMS 0x0000000088300000| PB 0x0000000088300000| Untracked 
|  50|0x0000000088400000, 0x0000000088400000, 0x0000000088500000|  0%| F|  |TAMS 0x0000000088400000| PB 0x0000000088400000| Untracked 
|  51|0x0000000088500000, 0x00000000885eece8, 0x0000000088600000| 93%| E|  |TAMS 0x0000000088500000| PB 0x0000000088500000| Complete 
|  52|0x0000000088600000, 0x0000000088700000, 0x0000000088700000|100%| E|CS|TAMS 0x0000000088600000| PB 0x0000000088600000| Complete 
|  53|0x0000000088700000, 0x0000000088800000, 0x0000000088800000|100%| E|CS|TAMS 0x0000000088700000| PB 0x0000000088700000| Complete 
|  54|0x0000000088800000, 0x0000000088900000, 0x0000000088900000|100%| E|CS|TAMS 0x0000000088800000| PB 0x0000000088800000| Complete 
|  73|0x0000000089b00000, 0x0000000089c00000, 0x0000000089c00000|100%| E|CS|TAMS 0x0000000089b00000| PB 0x0000000089b00000| Complete 
|  74|0x0000000089c00000, 0x0000000089d00000, 0x0000000089d00000|100%| E|CS|TAMS 0x0000000089c00000| PB 0x0000000089c00000| Complete 
|  75|0x0000000089d00000, 0x0000000089e00000, 0x0000000089e00000|100%| E|CS|TAMS 0x0000000089d00000| PB 0x0000000089d00000| Complete 
|  76|0x0000000089e00000, 0x0000000089f00000, 0x0000000089f00000|100%| E|CS|TAMS 0x0000000089e00000| PB 0x0000000089e00000| Complete 
|  77|0x0000000089f00000, 0x000000008a000000, 0x000000008a000000|100%| E|CS|TAMS 0x0000000089f00000| PB 0x0000000089f00000| Complete 
|  78|0x000000008a000000, 0x000000008a100000, 0x000000008a100000|100%| E|CS|TAMS 0x000000008a000000| PB 0x000000008a000000| Complete 
| 123|0x000000008cd00000, 0x000000008ce00000, 0x000000008ce00000|100%| E|CS|TAMS 0x000000008cd00000| PB 0x000000008cd00000| Complete 
|1963|0x00000000ffd00000, 0x00000000ffe00000, 0x00000000ffe00000|100%| O|  |TAMS 0x00000000ffd00000| PB 0x00000000ffd00000| Untracked 
|1964|0x00000000ffe00000, 0x00000000fff00000, 0x00000000fff00000|100%| O|  |TAMS 0x00000000ffe00000| PB 0x00000000ffe00000| Untracked 
|1965|0x00000000fff00000, 0x0000000100000000, 0x0000000100000000|100%| O|  |TAMS 0x00000000fff00000| PB 0x00000000fff00000| Untracked 

Card table byte_map: [0x00000253fcc50000,0x00000253fd030000] _byte_map_base: 0x00000253fc827000

Marking Bits: (CMBitMap*) 0x00000253e2c82bd0
 Bits: [0x00000253fd030000, 0x00000253feee8000)

Polling page: 0x00000253e2ce0000

Metaspace:

Usage:
  Non-class:     57.83 MB used.
      Class:      9.10 MB used.
       Both:     66.93 MB used.

Virtual space:
  Non-class space:       64.00 MB reserved,      58.19 MB ( 91%) committed,  1 nodes.
      Class space:        1.00 GB reserved,       9.38 MB ( <1%) committed,  1 nodes.
             Both:        1.06 GB reserved,      67.56 MB (  6%) committed. 

Chunk freelists:
   Non-Class:  5.34 MB
       Class:  6.52 MB
        Both:  11.86 MB

MaxMetaspaceSize: unlimited
CompressedClassSpaceSize: 1.00 GB
Initial GC threshold: 21.00 MB
Current GC threshold: 98.12 MB
CDS: on
 - commit_granule_bytes: 65536.
 - commit_granule_words: 8192.
 - virtual_space_node_default_size: 8388608.
 - enlarge_chunks_in_place: 1.
 - use_allocation_guard: 0.


Internal statistics:

num_allocs_failed_limit: 9.
num_arena_births: 938.
num_arena_deaths: 0.
num_vsnodes_births: 2.
num_vsnodes_deaths: 0.
num_space_committed: 1081.
num_space_uncommitted: 0.
num_chunks_returned_to_freelist: 9.
num_chunks_taken_from_freelist: 3525.
num_chunk_merges: 9.
num_chunk_splits: 2526.
num_chunks_enlarged: 1936.
num_inconsistent_stats: 0.

CodeHeap 'non-profiled nmethods': size=119168Kb used=4813Kb max_used=4813Kb free=114354Kb
 bounds [0x00000253f4450000, 0x00000253f4910000, 0x00000253fb8b0000]
CodeHeap 'profiled nmethods': size=119104Kb used=14855Kb max_used=14855Kb free=104248Kb
 bounds [0x00000253ec8b0000, 0x00000253ed740000, 0x00000253f3d00000]
CodeHeap 'non-nmethods': size=7488Kb used=3369Kb max_used=3407Kb free=4119Kb
 bounds [0x00000253f3d00000, 0x00000253f4060000, 0x00000253f4450000]
 total_blobs=8182 nmethods=7468 adapters=614
 compilation: enabled
              stopped_count=0, restarted_count=0
 full_count=0

Compilation events (20 events):
Event: 12.103 Thread 0x00000253cad3a4d0 8261 % !   4       org.springframework.beans.factory.support.DefaultListableBeanFactory::doGetBeanNamesForType @ 20 (527 bytes)
Event: 12.115 Thread 0x00000253fff7be90 8262       4       org.springframework.core.annotation.TypeMappedAnnotations::get (52 bytes)
Event: 12.124 Thread 0x00000253fff821a0 nmethod 8252 0x00000253f48f7790 code [0x00000253f48f7b60, 0x00000253f48f9470]
Event: 12.134 Thread 0x00000253cad36e50 nmethod 8250 0x00000253f48fa690 code [0x00000253f48faa20, 0x00000253f48fc950]
Event: 12.146 Thread 0x00000253cad36e50 8263       4       sun.invoke.util.VerifyType::isNullConversion (157 bytes)
Event: 12.147 Thread 0x00000253fff821a0 8264       4       java.lang.PublicMethods::merge (81 bytes)
Event: 12.147 Thread 0x00000253fff84a80 8265       1       org.springframework.beans.PropertyDescriptorUtils$BasicPropertyDescriptor::setWriteMethod (6 bytes)
Event: 12.147 Thread 0x00000253fff85150 8266       1       org.springframework.beans.PropertyDescriptorUtils$BasicPropertyDescriptor::setReadMethod (6 bytes)
Event: 12.147 Thread 0x00000253fff83ce0 8267       3       sun.reflect.generics.parser.SignatureParser::parseFormalParameters (49 bytes)
Event: 12.147 Thread 0x00000253fff82f40 8268       3       sun.reflect.generics.parser.SignatureParser::parseZeroOrMoreThrowsSignatures (51 bytes)
Event: 12.148 Thread 0x00000253fff84a80 nmethod 8265 0x00000253f48fdb90 code [0x00000253f48fdd20, 0x00000253f48fde30]
Event: 12.148 Thread 0x00000253fff84a80 8269       3       sun.reflect.generics.tree.MethodTypeSignature::make (12 bytes)
Event: 12.148 Thread 0x00000253fff85150 nmethod 8266 0x00000253f48fde90 code [0x00000253f48fe020, 0x00000253f48fe130]
Event: 12.148 Thread 0x00000253fff85150 8270       1       org.springframework.beans.PropertyDescriptorUtils$BasicPropertyDescriptor::getReadMethod (5 bytes)
Event: 12.148 Thread 0x00000253fff85150 nmethod 8270 0x00000253f48fe190 code [0x00000253f48fe320, 0x00000253f48fe3e8]
Event: 12.148 Thread 0x00000253fff83ce0 nmethod 8267 0x00000253ed719690 code [0x00000253ed7198a0, 0x00000253ed719bb8]
Event: 12.148 Thread 0x00000253fff84a80 nmethod 8269 0x00000253ed719d90 code [0x00000253ed719f40, 0x00000253ed71a2b8]
Event: 12.149 Thread 0x00000253fff82f40 nmethod 8268 0x00000253ed71a410 code [0x00000253ed71a640, 0x00000253ed71b030]
Event: 12.150 Thread 0x00000253fff7be90 nmethod 8262 0x00000253f48fe490 code [0x00000253f48fe6a0, 0x00000253f48fee50]
Event: 12.156 Thread 0x00000253cad36e50 nmethod 8263 0x00000253f48ff490 code [0x00000253f48ff6c0, 0x00000253f48ffb70]

GC Heap History (20 events):
Event: 3.647 GC heap before
{Heap before GC invocations=4 (full 0):
 garbage-first heap   total 55296K, used 54937K [0x0000000085200000, 0x0000000100000000)
  region size 1024K, 45 young (46080K), 6 survivors (6144K)
 Metaspace       used 24627K, committed 25088K, reserved 1114112K
  class space    used 3060K, committed 3264K, reserved 1048576K
}
Event: 3.655 GC heap after
{Heap after GC invocations=5 (full 0):
 garbage-first heap   total 66560K, used 19297K [0x0000000085200000, 0x0000000100000000)
  region size 1024K, 8 young (8192K), 8 survivors (8192K)
 Metaspace       used 24627K, committed 25088K, reserved 1114112K
  class space    used 3060K, committed 3264K, reserved 1048576K
}
Event: 4.816 GC heap before
{Heap before GC invocations=5 (full 0):
 garbage-first heap   total 66560K, used 51041K [0x0000000085200000, 0x0000000100000000)
  region size 1024K, 39 young (39936K), 8 survivors (8192K)
 Metaspace       used 29440K, committed 29888K, reserved 1114112K
  class space    used 3790K, committed 3968K, reserved 1048576K
}
Event: 4.824 GC heap after
{Heap after GC invocations=6 (full 0):
 garbage-first heap   total 66560K, used 20900K [0x0000000085200000, 0x0000000100000000)
  region size 1024K, 3 young (3072K), 3 survivors (3072K)
 Metaspace       used 29440K, committed 29888K, reserved 1114112K
  class space    used 3790K, committed 3968K, reserved 1048576K
}
Event: 6.284 GC heap before
{Heap before GC invocations=6 (full 0):
 garbage-first heap   total 66560K, used 53668K [0x0000000085200000, 0x0000000100000000)
  region size 1024K, 35 young (35840K), 3 survivors (3072K)
 Metaspace       used 34316K, committed 34752K, reserved 1114112K
  class space    used 4531K, committed 4736K, reserved 1048576K
}
Event: 6.290 GC heap after
{Heap after GC invocations=7 (full 0):
 garbage-first heap   total 66560K, used 24537K [0x0000000085200000, 0x0000000100000000)
  region size 1024K, 5 young (5120K), 5 survivors (5120K)
 Metaspace       used 34316K, committed 34752K, reserved 1114112K
  class space    used 4531K, committed 4736K, reserved 1048576K
}
Event: 6.527 GC heap before
{Heap before GC invocations=7 (full 0):
 garbage-first heap   total 66560K, used 29657K [0x0000000085200000, 0x0000000100000000)
  region size 1024K, 11 young (11264K), 5 survivors (5120K)
 Metaspace       used 35454K, committed 35968K, reserved 1114112K
  class space    used 4647K, committed 4864K, reserved 1048576K
}
Event: 6.533 GC heap after
{Heap after GC invocations=8 (full 0):
 garbage-first heap   total 66560K, used 25600K [0x0000000085200000, 0x0000000100000000)
  region size 1024K, 1 young (1024K), 1 survivors (1024K)
 Metaspace       used 35454K, committed 35968K, reserved 1114112K
  class space    used 4647K, committed 4864K, reserved 1048576K
}
Event: 8.052 GC heap before
{Heap before GC invocations=9 (full 0):
 garbage-first heap   total 66560K, used 56320K [0x0000000085200000, 0x0000000100000000)
  region size 1024K, 31 young (31744K), 1 survivors (1024K)
 Metaspace       used 40248K, committed 40832K, reserved 1114112K
  class space    used 5302K, committed 5568K, reserved 1048576K
}
Event: 8.056 GC heap after
{Heap after GC invocations=10 (full 0):
 garbage-first heap   total 66560K, used 27877K [0x0000000085200000, 0x0000000100000000)
  region size 1024K, 4 young (4096K), 4 survivors (4096K)
 Metaspace       used 40248K, committed 40832K, reserved 1114112K
  class space    used 5302K, committed 5568K, reserved 1048576K
}
Event: 9.047 GC heap before
{Heap before GC invocations=10 (full 0):
 garbage-first heap   total 66560K, used 55525K [0x0000000085200000, 0x0000000100000000)
  region size 1024K, 32 young (32768K), 4 survivors (4096K)
 Metaspace       used 48649K, committed 49280K, reserved 1114112K
  class space    used 6493K, committed 6784K, reserved 1048576K
}
Event: 9.052 GC heap after
{Heap after GC invocations=11 (full 0):
 garbage-first heap   total 66560K, used 29566K [0x0000000085200000, 0x0000000100000000)
  region size 1024K, 3 young (3072K), 3 survivors (3072K)
 Metaspace       used 48649K, committed 49280K, reserved 1114112K
  class space    used 6493K, committed 6784K, reserved 1048576K
}
Event: 9.930 GC heap before
{Heap before GC invocations=11 (full 0):
 garbage-first heap   total 66560K, used 57214K [0x0000000085200000, 0x0000000100000000)
  region size 1024K, 30 young (30720K), 3 survivors (3072K)
 Metaspace       used 54744K, committed 55296K, reserved 1114112K
  class space    used 7270K, committed 7552K, reserved 1048576K
}
Event: 9.934 GC heap after
{Heap after GC invocations=12 (full 0):
 garbage-first heap   total 66560K, used 32202K [0x0000000085200000, 0x0000000100000000)
  region size 1024K, 3 young (3072K), 3 survivors (3072K)
 Metaspace       used 54744K, committed 55296K, reserved 1114112K
  class space    used 7270K, committed 7552K, reserved 1048576K
}
Event: 10.383 GC heap before
{Heap before GC invocations=12 (full 0):
 garbage-first heap   total 66560K, used 46538K [0x0000000085200000, 0x0000000100000000)
  region size 1024K, 19 young (19456K), 3 survivors (3072K)
 Metaspace       used 59574K, committed 60160K, reserved 1114112K
  class space    used 7964K, committed 8192K, reserved 1048576K
}
Event: 10.386 GC heap after
{Heap after GC invocations=13 (full 0):
 garbage-first heap   total 66560K, used 32918K [0x0000000085200000, 0x0000000100000000)
  region size 1024K, 1 young (1024K), 1 survivors (1024K)
 Metaspace       used 59574K, committed 60160K, reserved 1114112K
  class space    used 7964K, committed 8192K, reserved 1048576K
}
Event: 11.042 GC heap before
{Heap before GC invocations=14 (full 0):
 garbage-first heap   total 66560K, used 58518K [0x0000000085200000, 0x0000000100000000)
  region size 1024K, 26 young (26624K), 1 survivors (1024K)
 Metaspace       used 61755K, committed 62400K, reserved 1114112K
  class space    used 8356K, committed 8640K, reserved 1048576K
}
Event: 11.044 GC heap after
{Heap after GC invocations=15 (full 0):
 garbage-first heap   total 66560K, used 33406K [0x0000000085200000, 0x0000000100000000)
  region size 1024K, 2 young (2048K), 2 survivors (2048K)
 Metaspace       used 61755K, committed 62400K, reserved 1114112K
  class space    used 8356K, committed 8640K, reserved 1048576K
}
Event: 11.762 GC heap before
{Heap before GC invocations=15 (full 0):
 garbage-first heap   total 66560K, used 57982K [0x0000000085200000, 0x0000000100000000)
  region size 1024K, 27 young (27648K), 2 survivors (2048K)
 Metaspace       used 67074K, committed 67776K, reserved 1114112K
  class space    used 9132K, committed 9408K, reserved 1048576K
}
Event: 11.765 GC heap after
{Heap after GC invocations=16 (full 0):
 garbage-first heap   total 66560K, used 34650K [0x0000000085200000, 0x0000000100000000)
  region size 1024K, 3 young (3072K), 3 survivors (3072K)
 Metaspace       used 67074K, committed 67776K, reserved 1114112K
  class space    used 9132K, committed 9408K, reserved 1048576K
}

Dll operation events (12 events):
Event: 0.012 Loaded shared library D:\Downloads\jdk-21.0.4_windows-x64_bin\jdk-21.0.4\bin\java.dll
Event: 0.058 Loaded shared library D:\Downloads\jdk-21.0.4_windows-x64_bin\jdk-21.0.4\bin\jsvml.dll
Event: 0.196 Loaded shared library D:\Downloads\jdk-21.0.4_windows-x64_bin\jdk-21.0.4\bin\zip.dll
Event: 0.201 Loaded shared library D:\Downloads\jdk-21.0.4_windows-x64_bin\jdk-21.0.4\bin\instrument.dll
Event: 0.208 Loaded shared library D:\Downloads\jdk-21.0.4_windows-x64_bin\jdk-21.0.4\bin\net.dll
Event: 0.210 Loaded shared library D:\Downloads\jdk-21.0.4_windows-x64_bin\jdk-21.0.4\bin\nio.dll
Event: 0.214 Loaded shared library D:\Downloads\jdk-21.0.4_windows-x64_bin\jdk-21.0.4\bin\zip.dll
Event: 0.338 Loaded shared library D:\Downloads\jdk-21.0.4_windows-x64_bin\jdk-21.0.4\bin\extnet.dll
Event: 0.395 Loaded shared library D:\Downloads\jdk-21.0.4_windows-x64_bin\jdk-21.0.4\bin\jimage.dll
Event: 0.739 Loaded shared library D:\Downloads\jdk-21.0.4_windows-x64_bin\jdk-21.0.4\bin\management.dll
Event: 0.746 Loaded shared library D:\Downloads\jdk-21.0.4_windows-x64_bin\jdk-21.0.4\bin\management_ext.dll
Event: 2.710 Loaded shared library D:\Downloads\jdk-21.0.4_windows-x64_bin\jdk-21.0.4\bin\sunmscapi.dll

Deoptimization events (20 events):
Event: 12.131 Thread 0x00000253fff73d00 Uncommon trap: trap_request=0xffffffde fr.pc=0x00000253f4741bac relative=0x0000000000000fcc
Event: 12.131 Thread 0x00000253fff73d00 Uncommon trap: reason=class_check action=maybe_recompile pc=0x00000253f4741bac method=org.springframework.core.annotation.TypeMappedAnnotations$IsPresent.doWithAnnotations(Ljava/lang/Object;ILjava/lang/Object;[Ljava/lang/annotation/Annotation;)Ljava/lang/
Event: 12.131 Thread 0x00000253fff73d00 DEOPT PACKING pc=0x00000253f4741bac sp=0x000000c589ffc150
Event: 12.131 Thread 0x00000253fff73d00 DEOPT UNPACKING pc=0x00000253f3d546a2 sp=0x000000c589ffc0f8 mode 2
Event: 12.131 Thread 0x00000253fff73d00 Uncommon trap: trap_request=0xffffffde fr.pc=0x00000253f4741bac relative=0x0000000000000fcc
Event: 12.131 Thread 0x00000253fff73d00 Uncommon trap: reason=class_check action=maybe_recompile pc=0x00000253f4741bac method=org.springframework.core.annotation.TypeMappedAnnotations$IsPresent.doWithAnnotations(Ljava/lang/Object;ILjava/lang/Object;[Ljava/lang/annotation/Annotation;)Ljava/lang/
Event: 12.132 Thread 0x00000253fff73d00 DEOPT PACKING pc=0x00000253f4741bac sp=0x000000c589ffc150
Event: 12.132 Thread 0x00000253fff73d00 DEOPT UNPACKING pc=0x00000253f3d546a2 sp=0x000000c589ffc0f8 mode 2
Event: 12.163 Thread 0x00000253fff73d00 Uncommon trap: trap_request=0xffffffde fr.pc=0x00000253f4684b28 relative=0x0000000000000728
Event: 12.163 Thread 0x00000253fff73d00 Uncommon trap: reason=class_check action=maybe_recompile pc=0x00000253f4684b28 method=org.springframework.core.ResolvableType.calculateHashCode()I @ 43 c2
Event: 12.163 Thread 0x00000253fff73d00 DEOPT PACKING pc=0x00000253f4684b28 sp=0x000000c589ffb7a0
Event: 12.163 Thread 0x00000253fff73d00 DEOPT UNPACKING pc=0x00000253f3d546a2 sp=0x000000c589ffb708 mode 2
Event: 12.163 Thread 0x00000253fff73d00 Uncommon trap: trap_request=0xffffffde fr.pc=0x00000253f4684b28 relative=0x0000000000000728
Event: 12.163 Thread 0x00000253fff73d00 Uncommon trap: reason=class_check action=maybe_recompile pc=0x00000253f4684b28 method=org.springframework.core.ResolvableType.calculateHashCode()I @ 43 c2
Event: 12.163 Thread 0x00000253fff73d00 DEOPT PACKING pc=0x00000253f4684b28 sp=0x000000c589ffb670
Event: 12.163 Thread 0x00000253fff73d00 DEOPT UNPACKING pc=0x00000253f3d546a2 sp=0x000000c589ffb5d8 mode 2
Event: 12.177 Thread 0x00000253fff73d00 Uncommon trap: trap_request=0xffffff76 fr.pc=0x00000253f47ae23c relative=0x0000000000003e7c
Event: 12.177 Thread 0x00000253fff73d00 Uncommon trap: reason=predicate action=maybe_recompile pc=0x00000253f47ae23c method=org.springframework.util.ReflectionUtils.doWithMethods(Ljava/lang/Class;Lorg/springframework/util/ReflectionUtils$MethodCallback;Lorg/springframework/util/ReflectionUtils$
Event: 12.177 Thread 0x00000253fff73d00 DEOPT PACKING pc=0x00000253f47ae23c sp=0x000000c589ffbed0
Event: 12.177 Thread 0x00000253fff73d00 DEOPT UNPACKING pc=0x00000253f3d546a2 sp=0x000000c589ffbef8 mode 2

Classes loaded (20 events):
Event: 10.027 Loading class java/util/concurrent/CancellationException
Event: 10.027 Loading class java/util/concurrent/CancellationException done
Event: 10.372 Loading class java/util/ArrayList$ListItr
Event: 10.372 Loading class java/util/ArrayList$ListItr done
Event: 10.537 Loading class java/util/AbstractList$SubList
Event: 10.537 Loading class java/util/AbstractList$SubList done
Event: 10.647 Loading class java/lang/foreign/ValueLayout
Event: 10.647 Loading class java/lang/foreign/MemoryLayout
Event: 10.648 Loading class java/lang/foreign/MemoryLayout done
Event: 10.648 Loading class java/lang/foreign/ValueLayout done
Event: 11.255 Loading class java/util/EmptyStackException
Event: 11.255 Loading class java/util/EmptyStackException done
Event: 11.261 Loading class java/io/InvalidClassException
Event: 11.261 Loading class java/io/InvalidClassException done
Event: 11.824 Loading class javax/naming/Reference
Event: 11.824 Loading class javax/naming/Reference done
Event: 11.866 Loading class java/lang/SafeVarargs
Event: 11.866 Loading class java/lang/SafeVarargs done
Event: 11.868 Loading class sun/reflect/generics/reflectiveObjects/GenericArrayTypeImpl
Event: 11.868 Loading class sun/reflect/generics/reflectiveObjects/GenericArrayTypeImpl done

Classes unloaded (0 events):
No events

Classes redefined (0 events):
No events

Internal exceptions (20 events):
Event: 11.227 Thread 0x00000253fff73d00 Exception <a 'java/lang/NoSuchMethodError'{0x00000000887dc980}: 'int java.lang.invoke.DirectMethodHandle$Holder.invokeStatic(java.lang.Object, java.lang.Object, java.lang.Object, java.lang.Object, java.lang.Object, java.lang.Object)'> (0x00000000887dc980) 
thrown [s\open\src\hotspot\share\interpreter\linkResolver.cpp, line 773]
Event: 11.319 Thread 0x00000253fff73d00 Exception <a 'java/lang/NoSuchMethodError'{0x0000000088322e70}: 'void java.lang.invoke.DirectMethodHandle$Holder.invokeInterface(java.lang.Object, java.lang.Object, int, java.lang.Object)'> (0x0000000088322e70) 
thrown [s\open\src\hotspot\share\interpreter\linkResolver.cpp, line 773]
Event: 11.321 Thread 0x00000253fff73d00 Exception <a 'java/lang/NoSuchMethodError'{0x0000000088345bc8}: 'java.lang.Object java.lang.invoke.DirectMethodHandle$Holder.newInvokeSpecial(java.lang.Object, java.lang.Object, int, java.lang.Object)'> (0x0000000088345bc8) 
thrown [s\open\src\hotspot\share\interpreter\linkResolver.cpp, line 773]
Event: 11.322 Thread 0x00000253fff73d00 Exception <a 'java/lang/NoSuchMethodError'{0x0000000088349528}: 'java.lang.Object java.lang.invoke.Invokers$Holder.linkToTargetMethod(java.lang.Object, int, java.lang.Object, java.lang.Object)'> (0x0000000088349528) 
thrown [s\open\src\hotspot\share\interpreter\linkResolver.cpp, line 773]
Event: 11.335 Thread 0x00000253fff73d00 Exception <a 'java/lang/NoSuchMethodError'{0x00000000883fcd48}: 'void java.lang.invoke.DirectMethodHandle$Holder.invokeSpecial(java.lang.Object, java.lang.Object, java.lang.Object, java.lang.Object, java.lang.Object, java.lang.Object, java.lang.Object, java.lang.Object)'> (0x00000000883fcd48) 
thrown [s\open\src\hotspot\share\interpreter\linkResolver.cpp, line 773]
Event: 11.340 Thread 0x00000253fff73d00 Exception <a 'java/lang/NoSuchMethodError'{0x0000000088235bd0}: 'void java.lang.invoke.DirectMethodHandle$Holder.invokeSpecial(java.lang.Object, java.lang.Object, int, java.lang.Object)'> (0x0000000088235bd0) 
thrown [s\open\src\hotspot\share\interpreter\linkResolver.cpp, line 773]
Event: 11.340 Thread 0x00000253fff73d00 Exception <a 'java/lang/NoSuchMethodError'{0x000000008823bce0}: 'java.lang.Object java.lang.invoke.DirectMethodHandle$Holder.newInvokeSpecial(java.lang.Object, java.lang.Object, int)'> (0x000000008823bce0) 
thrown [s\open\src\hotspot\share\interpreter\linkResolver.cpp, line 773]
Event: 11.369 Thread 0x00000253fff73d00 Exception <a 'java/lang/NoSuchMethodError'{0x0000000088187588}: 'int java.lang.invoke.DirectMethodHandle$Holder.invokeStatic(java.lang.Object, int, java.lang.Object)'> (0x0000000088187588) 
thrown [s\open\src\hotspot\share\interpreter\linkResolver.cpp, line 773]
Event: 11.371 Thread 0x00000253fff73d00 Exception <a 'java/lang/NoSuchMethodError'{0x00000000881ae480}: 'java.lang.Object java.lang.invoke.DirectMethodHandle$Holder.newInvokeSpecial(java.lang.Object, java.lang.Object, java.lang.Object, java.lang.Object, java.lang.Object, int, java.lang.Object)'> (0x00000000881ae480) 
thrown [s\open\src\hotspot\share\interpreter\linkResolver.cpp, line 773]
Event: 11.377 Thread 0x00000253fff73d00 Exception <a 'java/lang/NoSuchMethodError'{0x00000000881de8a8}: 'java.lang.Object java.lang.invoke.Invokers$Holder.linkToTargetMethod(java.lang.Object, java.lang.Object, java.lang.Object, java.lang.Object, java.lang.Object, java.lang.Object, java.lang.Object, java.lang.Object, java.lang.Object, java.lang.Object, java.lang.Object, java.lang.Object)'> (0x00000000881de8a8) 
thrown [s\open\src\hotspot\share\interpreter\linkResolver.cpp, line 773]
Event: 11.435 Thread 0x00000253fff73d00 Exception <a 'java/lang/IncompatibleClassChangeError'{0x0000000087f9be08}: Found class java.lang.Object, but interface was expected> (0x0000000087f9be08) 
thrown [s\open\src\hotspot\share\interpreter\linkResolver.cpp, line 840]
Event: 11.446 Thread 0x00000253fff73d00 Exception <a 'java/lang/NoSuchMethodError'{0x0000000087e13f70}: 'java.lang.Object java.lang.invoke.DirectMethodHandle$Holder.newInvokeSpecial(java.lang.Object, java.lang.Object, int, java.lang.Object, int, java.lang.Object, java.lang.Object)'> (0x0000000087e13f70) 
thrown [s\open\src\hotspot\share\interpreter\linkResolver.cpp, line 773]
Event: 11.451 Thread 0x00000253fff73d00 Exception <a 'java/lang/NoSuchMethodError'{0x0000000087e5aa00}: 'java.lang.Object java.lang.invoke.DirectMethodHandle$Holder.newInvokeSpecial(java.lang.Object, java.lang.Object, java.lang.Object, java.lang.Object, java.lang.Object, java.lang.Object, java.lang.Object, int)'> (0x0000000087e5aa00) 
thrown [s\open\src\hotspot\share\interpreter\linkResolver.cpp, line 773]
Event: 11.451 Thread 0x00000253fff73d00 Exception <a 'java/lang/NoSuchMethodError'{0x0000000087e5ef18}: 'java.lang.Object java.lang.invoke.DirectMethodHandle$Holder.invokeSpecial(java.lang.Object, java.lang.Object, java.lang.Object, java.lang.Object, java.lang.Object, java.lang.Object, java.lang.Object, java.lang.Object, int)'> (0x0000000087e5ef18) 
thrown [s\open\src\hotspot\share\interpreter\linkResolver.cpp, line 773]
Event: 11.451 Thread 0x00000253fff73d00 Exception <a 'java/lang/NoSuchMethodError'{0x0000000087e62ee8}: 'java.lang.Object java.lang.invoke.Invokers$Holder.linkToTargetMethod(java.lang.Object, java.lang.Object, java.lang.Object, java.lang.Object, java.lang.Object, java.lang.Object, int, java.lang.Object)'> (0x0000000087e62ee8) 
thrown [s\open\src\hotspot\share\interpreter\linkResolver.cpp, line 773]
Event: 11.675 Thread 0x00000253fff73d00 Exception <a 'java/lang/NoSuchMethodError'{0x00000000877534d8}: 'java.lang.Object java.lang.invoke.DirectMethodHandle$Holder.invokeSpecial(java.lang.Object, java.lang.Object, int, java.lang.Object, int)'> (0x00000000877534d8) 
thrown [s\open\src\hotspot\share\interpreter\linkResolver.cpp, line 773]
Event: 11.860 Thread 0x00000253fff73d00 Implicit null exception at 0x00000253f44c1977 to 0x00000253f44c1be8
Event: 11.933 Thread 0x00000253fff73d00 Implicit null exception at 0x00000253f47d38ac to 0x00000253f47d5310
Event: 11.945 Thread 0x00000253fff73d00 Exception <a 'java/lang/IncompatibleClassChangeError'{0x0000000089cc88e0}: Found class java.lang.Object, but interface was expected> (0x0000000089cc88e0) 
thrown [s\open\src\hotspot\share\interpreter\linkResolver.cpp, line 840]
Event: 12.039 Thread 0x00000253fff73d00 Exception <a 'java/lang/IncompatibleClassChangeError'{0x0000000088874aa8}: Found class java.lang.Object, but interface was expected> (0x0000000088874aa8) 
thrown [s\open\src\hotspot\share\interpreter\linkResolver.cpp, line 840]

ZGC Phase Switch (0 events):
No events

VM Operations (20 events):
Event: 10.947 Executing VM operation: ICBufferFull
Event: 10.947 Executing VM operation: ICBufferFull done
Event: 11.042 Executing VM operation: G1CollectForAllocation (G1 Evacuation Pause)
Event: 11.045 Executing VM operation: G1CollectForAllocation (G1 Evacuation Pause) done
Event: 11.226 Executing VM operation: HandshakeAllThreads (Deoptimize)
Event: 11.226 Executing VM operation: HandshakeAllThreads (Deoptimize) done
Event: 11.458 Executing VM operation: HandshakeAllThreads (Deoptimize)
Event: 11.458 Executing VM operation: HandshakeAllThreads (Deoptimize) done
Event: 11.472 Executing VM operation: HandshakeAllThreads (Deoptimize)
Event: 11.472 Executing VM operation: HandshakeAllThreads (Deoptimize) done
Event: 11.570 Executing VM operation: HandshakeAllThreads (Deoptimize)
Event: 11.570 Executing VM operation: HandshakeAllThreads (Deoptimize) done
Event: 11.597 Executing VM operation: HandshakeAllThreads (Deoptimize)
Event: 11.597 Executing VM operation: HandshakeAllThreads (Deoptimize) done
Event: 11.677 Executing VM operation: ICBufferFull
Event: 11.678 Executing VM operation: ICBufferFull done
Event: 11.761 Executing VM operation: G1CollectForAllocation (G1 Evacuation Pause)
Event: 11.765 Executing VM operation: G1CollectForAllocation (G1 Evacuation Pause) done
Event: 11.836 Executing VM operation: HandshakeAllThreads (Deoptimize)
Event: 11.836 Executing VM operation: HandshakeAllThreads (Deoptimize) done

Events (20 events):
Event: 10.414 Thread 0x00000253fff51050 flushing nmethod 0x00000253ecef2710
Event: 10.414 Thread 0x00000253fff51050 flushing nmethod 0x00000253ecef3110
Event: 10.414 Thread 0x00000253fff51050 flushing nmethod 0x00000253ecff6410
Event: 10.414 Thread 0x00000253fff51050 flushing nmethod 0x00000253ed03e810
Event: 10.414 Thread 0x00000253fff51050 flushing nmethod 0x00000253ed03ef90
Event: 10.414 Thread 0x00000253fff51050 flushing nmethod 0x00000253ed03f390
Event: 10.414 Thread 0x00000253fff51050 flushing nmethod 0x00000253ed1f4210
Event: 10.414 Thread 0x00000253fff51050 flushing nmethod 0x00000253ed1f9610
Event: 10.414 Thread 0x00000253fff51050 flushing nmethod 0x00000253ed1faa10
Event: 10.414 Thread 0x00000253fff51050 flushing nmethod 0x00000253ed1fba90
Event: 10.414 Thread 0x00000253fff51050 flushing nmethod 0x00000253ed204410
Event: 10.414 Thread 0x00000253fff51050 flushing nmethod 0x00000253ed204810
Event: 10.414 Thread 0x00000253fff51050 flushing nmethod 0x00000253ed210f10
Event: 10.414 Thread 0x00000253fff51050 flushing nmethod 0x00000253ed28b510
Event: 10.785 Thread 0x00000253fff83610 Thread added: 0x00000253fff83610
Event: 10.931 Thread 0x00000253fff821a0 Thread added: 0x00000253fff821a0
Event: 10.957 Thread 0x00000253cad39060 Thread added: 0x00000253cad39060
Event: 11.362 Thread 0x00000253cad39060 Thread exited: 0x00000253cad39060
Event: 11.934 Thread 0x00000253cad3a4d0 Thread added: 0x00000253cad3a4d0
Event: 11.935 Thread 0x00000253cad36e50 Thread added: 0x00000253cad36e50


Dynamic libraries:
0x00007ff67ad40000 - 0x00007ff67ad50000 	D:\Downloads\jdk-21.0.4_windows-x64_bin\jdk-21.0.4\bin\java.exe
0x00007ffd1fdf0000 - 0x00007ffd20007000 	C:\windows\SYSTEM32\ntdll.dll
0x00007ffd1f2b0000 - 0x00007ffd1f374000 	C:\windows\System32\KERNEL32.DLL
0x00007ffd1d1d0000 - 0x00007ffd1d57d000 	C:\windows\System32\KERNELBASE.dll
0x00007ffd1d9a0000 - 0x00007ffd1dab1000 	C:\windows\System32\ucrtbase.dll
0x00007ffce8c50000 - 0x00007ffce8c6b000 	D:\Downloads\jdk-21.0.4_windows-x64_bin\jdk-21.0.4\bin\VCRUNTIME140.dll
0x00007ffce8c70000 - 0x00007ffce8c89000 	D:\Downloads\jdk-21.0.4_windows-x64_bin\jdk-21.0.4\bin\jli.dll
0x00007ffd1f590000 - 0x00007ffd1f642000 	C:\windows\System32\ADVAPI32.dll
0x00007ffd1e410000 - 0x00007ffd1e4b7000 	C:\windows\System32\msvcrt.dll
0x00007ffd1f200000 - 0x00007ffd1f2a9000 	C:\windows\System32\sechost.dll
0x00007ffd1dac0000 - 0x00007ffd1dae8000 	C:\windows\System32\bcrypt.dll
0x00007ffd1f850000 - 0x00007ffd1f964000 	C:\windows\System32\RPCRT4.dll
0x00007ffd1dc00000 - 0x00007ffd1ddae000 	C:\windows\System32\USER32.dll
0x00007ffd1daf0000 - 0x00007ffd1db16000 	C:\windows\System32\win32u.dll
0x00007ffd1f970000 - 0x00007ffd1f999000 	C:\windows\System32\GDI32.dll
0x00007ffcfbf30000 - 0x00007ffcfc1c3000 	C:\windows\WinSxS\amd64_microsoft.windows.common-controls_6595b64144ccf1df_6.0.22621.3672_none_2713b9d173822955\COMCTL32.dll
0x00007ffd1d5f0000 - 0x00007ffd1d709000 	C:\windows\System32\gdi32full.dll
0x00007ffd1d790000 - 0x00007ffd1d82a000 	C:\windows\System32\msvcp_win.dll
0x00007ffd11f10000 - 0x00007ffd11f1a000 	C:\windows\SYSTEM32\VERSION.dll
0x00007ffd1f800000 - 0x00007ffd1f831000 	C:\windows\System32\IMM32.DLL
0x00007ffcf9120000 - 0x00007ffcf912c000 	D:\Downloads\jdk-21.0.4_windows-x64_bin\jdk-21.0.4\bin\vcruntime140_1.dll
0x00007ffcd0dc0000 - 0x00007ffcd0e4e000 	D:\Downloads\jdk-21.0.4_windows-x64_bin\jdk-21.0.4\bin\msvcp140.dll
0x00007ffc83f20000 - 0x00007ffc84c33000 	D:\Downloads\jdk-21.0.4_windows-x64_bin\jdk-21.0.4\bin\server\jvm.dll
0x00007ffd1db20000 - 0x00007ffd1db91000 	C:\windows\System32\WS2_32.dll
0x00007ffd1cf20000 - 0x00007ffd1cf6d000 	C:\windows\SYSTEM32\POWRPROF.dll
0x00007ffd14a20000 - 0x00007ffd14a54000 	C:\windows\SYSTEM32\WINMM.dll
0x00007ffd1ce00000 - 0x00007ffd1ce13000 	C:\windows\SYSTEM32\UMPDC.dll
0x00007ffd1c110000 - 0x00007ffd1c128000 	C:\windows\SYSTEM32\kernel.appcore.dll
0x00007ffcf7080000 - 0x00007ffcf708a000 	D:\Downloads\jdk-21.0.4_windows-x64_bin\jdk-21.0.4\bin\jimage.dll
0x00007ffd1a9e0000 - 0x00007ffd1ac12000 	C:\windows\SYSTEM32\DBGHELP.DLL
0x00007ffd1e5d0000 - 0x00007ffd1e95d000 	C:\windows\System32\combase.dll
0x00007ffd1fcd0000 - 0x00007ffd1fda7000 	C:\windows\System32\OLEAUT32.dll
0x00007ffce9920000 - 0x00007ffce9952000 	C:\windows\SYSTEM32\dbgcore.DLL
0x00007ffd1d710000 - 0x00007ffd1d78b000 	C:\windows\System32\bcryptPrimitives.dll
0x00007ffcf7040000 - 0x00007ffcf704f000 	D:\Downloads\jdk-21.0.4_windows-x64_bin\jdk-21.0.4\bin\instrument.dll
0x00007ffce8c30000 - 0x00007ffce8c4f000 	D:\Downloads\jdk-21.0.4_windows-x64_bin\jdk-21.0.4\bin\java.dll
0x00007ffd1e960000 - 0x00007ffd1f1c8000 	C:\windows\System32\SHELL32.dll
0x00007ffd1b010000 - 0x00007ffd1b90e000 	C:\windows\SYSTEM32\windows.storage.dll
0x00007ffd1aed0000 - 0x00007ffd1b00f000 	C:\windows\SYSTEM32\wintypes.dll
0x00007ffd1f430000 - 0x00007ffd1f529000 	C:\windows\System32\SHCORE.dll
0x00007ffd1dba0000 - 0x00007ffd1dbfe000 	C:\windows\System32\shlwapi.dll
0x00007ffd1d040000 - 0x00007ffd1d061000 	C:\windows\SYSTEM32\profapi.dll
0x00007ffcbd6c0000 - 0x00007ffcbd797000 	D:\Downloads\jdk-21.0.4_windows-x64_bin\jdk-21.0.4\bin\jsvml.dll
0x00007ffcdb2a0000 - 0x00007ffcdb2b8000 	D:\Downloads\jdk-21.0.4_windows-x64_bin\jdk-21.0.4\bin\zip.dll
0x00007ffcf6ff0000 - 0x00007ffcf7000000 	D:\Downloads\jdk-21.0.4_windows-x64_bin\jdk-21.0.4\bin\net.dll
0x00007ffd19a70000 - 0x00007ffd19ba6000 	C:\windows\SYSTEM32\WINHTTP.dll
0x00007ffd1c5b0000 - 0x00007ffd1c619000 	C:\windows\system32\mswsock.dll
0x00007ffce8940000 - 0x00007ffce8956000 	D:\Downloads\jdk-21.0.4_windows-x64_bin\jdk-21.0.4\bin\nio.dll
0x00007ffcefb80000 - 0x00007ffcefb89000 	D:\Downloads\jdk-21.0.4_windows-x64_bin\jdk-21.0.4\bin\extnet.dll
0x00007ffceae50000 - 0x00007ffceae5a000 	D:\Downloads\jdk-21.0.4_windows-x64_bin\jdk-21.0.4\bin\management.dll
0x00007ffce8da0000 - 0x00007ffce8dab000 	D:\Downloads\jdk-21.0.4_windows-x64_bin\jdk-21.0.4\bin\management_ext.dll
0x00007ffd1f840000 - 0x00007ffd1f848000 	C:\windows\System32\PSAPI.DLL
0x00007ffced1e0000 - 0x00007ffced1ee000 	D:\Downloads\jdk-21.0.4_windows-x64_bin\jdk-21.0.4\bin\sunmscapi.dll
0x00007ffd1d830000 - 0x00007ffd1d997000 	C:\windows\System32\CRYPT32.dll
0x00007ffd1c9d0000 - 0x00007ffd1c9fe000 	C:\windows\SYSTEM32\ncrypt.dll
0x00007ffd1c990000 - 0x00007ffd1c9c7000 	C:\windows\SYSTEM32\NTASN1.dll
0x00007ffd1c810000 - 0x00007ffd1c82b000 	C:\windows\SYSTEM32\CRYPTSP.dll
0x00007ffd1c070000 - 0x00007ffd1c0a5000 	C:\windows\system32\rsaenh.dll
0x00007ffd1c6b0000 - 0x00007ffd1c6d8000 	C:\windows\SYSTEM32\USERENV.dll
0x00007ffd1c830000 - 0x00007ffd1c83c000 	C:\windows\SYSTEM32\CRYPTBASE.dll
0x00007ffd1bbb0000 - 0x00007ffd1bbdd000 	C:\windows\SYSTEM32\IPHLPAPI.DLL
0x00007ffd1ddb0000 - 0x00007ffd1ddb9000 	C:\windows\System32\NSI.dll
0x00007ffd1bbe0000 - 0x00007ffd1bcd8000 	C:\windows\SYSTEM32\DNSAPI.dll
0x0000000062370000 - 0x00000000623a5000 	C:\Program Files\Bonjour\mdnsNSP.dll
0x00007ffd14620000 - 0x00007ffd1462a000 	C:\Windows\System32\rasadhlp.dll
0x00007ffd13e00000 - 0x00007ffd13e83000 	C:\windows\System32\fwpuclnt.dll

dbghelp: loaded successfully - version: 4.0.5 - missing functions: none
symbol engine: initialized successfully - sym options: 0x614 - pdb path: .;D:\Downloads\jdk-21.0.4_windows-x64_bin\jdk-21.0.4\bin;C:\windows\SYSTEM32;C:\windows\WinSxS\amd64_microsoft.windows.common-controls_6595b64144ccf1df_6.0.22621.3672_none_2713b9d173822955;D:\Downloads\jdk-21.0.4_windows-x64_bin\jdk-21.0.4\bin\server;C:\Program Files\Bonjour

VM Arguments:
jvm_args: -javaagent:D:\java\IntelliJ IDEA Community Edition 2025.2.3\lib\idea_rt.jar=62442 -Dfile.encoding=UTF-8 -Dsun.stdout.encoding=UTF-8 -Dsun.stderr.encoding=UTF-8 
java_command: com.ieltsgrading.ielts_evaluator.EoEoIeltsGradingAppApplication
java_class_path (initial): D:\ATI\ATI\target\classes;C:\Users\yenkh\.m2\repository\org\springframework\boot\spring-boot-starter-security\3.5.7\spring-boot-starter-security-3.5.7.jar;C:\Users\yenkh\.m2\repository\org\springframework\boot\spring-boot-starter\3.5.7\spring-boot-starter-3.5.7.jar;C:\Users\yenkh\.m2\repository\org\springframework\boot\spring-boot-starter-logging\3.5.7\spring-boot-starter-logging-3.5.7.jar;C:\Users\yenkh\.m2\repository\ch\qos\logback\logback-classic\1.5.20\logback-classic-1.5.20.jar;C:\Users\yenkh\.m2\repository\ch\qos\logback\logback-core\1.5.20\logback-core-1.5.20.jar;C:\Users\yenkh\.m2\repository\org\apache\logging\log4j\log4j-to-slf4j\2.24.3\log4j-to-slf4j-2.24.3.jar;C:\Users\yenkh\.m2\repository\org\apache\logging\log4j\log4j-api\2.24.3\log4j-api-2.24.3.jar;C:\Users\yenkh\.m2\repository\org\slf4j\jul-to-slf4j\2.0.17\jul-to-slf4j-2.0.17.jar;C:\Users\yenkh\.m2\repository\jakarta\annotation\jakarta.annotation-api\2.1.1\jakarta.annotation-api-2.1.1.jar;C:\Users\yenkh\.m2\repository\org\yaml\snakeyaml\2.4\snakeyaml-2.4.jar;C:\Users\yenkh\.m2\repository\org\springframework\spring-aop\6.2.12\spring-aop-6.2.12.jar;C:\Users\yenkh\.m2\repository\org\springframework\spring-beans\6.2.12\spring-beans-6.2.12.jar;C:\Users\yenkh\.m2\repository\org\springframework\security\spring-security-config\6.5.6\spring-security-config-6.5.6.jar;C:\Users\yenkh\.m2\repository\org\springframework\spring-context\6.2.12\spring-context-6.2.12.jar;C:\Users\yenkh\.m2\repository\org\springframework\security\spring-security-web\6.5.6\spring-security-web-6.5.6.jar;C:\Users\yenkh\.m2\repository\org\springframework\spring-expression\6.2.12\spring-expression-6.2.12.jar;C:\Users\yenkh\.m2\repository\org\springframework\boot\spring-boot-starter-web\3.5.7\spring-boot-starter-web-3.5.7.jar;C:\Users\yenkh\.m2\repository\org\springframework\boot\spring-boot-starter-json\3.5.7\spring-boot-starter-json-3.5.7.jar;C:\Users\yenkh\.m2\repository\com\fasterxml\jackson\datatype\jackson-datatype-jdk8\2.19.2\jackson-datatype-jdk8-2.19.2.jar;C:\Users\yenkh\.m2\repository\com\fasterxml\jackson\datatype\jackson-datatype-jsr310\2.19.2\jackson-datatype-jsr310-2.19.2.jar;C:\Users\yenkh\.m2\repository\com\fasterxml\jackson\module\jackson-module-parameter-names\2.19.2\jackson-module-parameter-names-2.19.2.jar;C:\Users\yenkh\.m2\repository\org\springframework\boot\spring-boot-starter-tomcat\3.5.7\spring-boot-starter-tomcat-3.5.7.jar;C:\Users\yenkh\.m2\repository\org\apache\tomcat\embed\tomcat-embed-core\10.1.48\tomcat-embed-core-10.1.48.jar;C:\Users\yenkh\.m2\repository\org\apache\tomcat\embed\tomcat-embed-websocket\10.1.48\tomcat-embed-websocket-10.1.48.jar;C:\Users\yenkh\.m2\repository\org\springframework\spring-web\6.2.12\spring-web-6.2.12.jar;C:\Users\yenkh\.m2\repository\io\micrometer\micrometer-observation\1.15.5\micrometer-observation-1.15.5.jar;C:\Users\yenkh\.m2\repository\io\micrometer\micrometer-commons\1.15.5\micrometer-commons-1.15.5.jar;C:\Users\yenkh\.m2\repository\org\springframework\spring-webmvc\6.2.12\spring-webmvc-6.2.12.jar;C:\Users\yenkh\.m2\repository\org\springframework\boot\spring-boot-starter-thymeleaf\3.5.7\spring-boot-starter-thymeleaf-3.5.7.jar;C:\Users\yenkh\.m2\repository\org\thymeleaf\thymeleaf-spring6\3.1.3.RELEASE\thymeleaf-spring6-3.1.3.RELEASE.jar;C:\Users\yenkh\.m2\repository\org\thymeleaf\thymeleaf\3.1.3.RELEASE\thymeleaf-3.1.3.RELEASE.jar;C:\Users\yenkh\.m2\repository\org\attoparser\attoparser\2.0.7.RELEASE\attoparser-2.0.7.RELEASE.jar;C:\Users\yenkh\.m2\repository\org\unbescape\unbescape\1.1.6.RELEASE\unbescape-1.1.6.RELEASE.jar;C:\Users\yenkh\.m2\repository\org\slf4j\slf4j-api\2.0.17\slf4j-api-2.0.17.jar;C:\Users\yenkh\.m2\repository\org\springframework\boot\spring-boot-starter-data-jpa\3.5.7\spring-boot-starter-data-jpa-3.5.7.jar;C:\Users\yenkh\.m2\repository\org\springframework\boot\spring-boot-starter-jdbc\3.5.7\spring-boot-starter-jdbc-3.5.7.jar;C:\Users\yenkh\.m2\repository\com\zaxxer\HikariCP\6.3.3\HikariCP-6.3.3.jar;C:\Users\yenkh\.m2\repository\org\springframework\spring-jdbc\6.2.12\spring-jdbc-6.2.12.jar;C:\Users\yenkh\.m2\repository\org\hibernate\orm\hibernate-core\6.6.33.Final\hibernate-core-6.6.33.Final.jar;C:\Users\yenkh\.m2\repository\jakarta\persistence\jakarta.persistence-api\3.1.0\jakarta.persistence-api-3.1.0.jar;C:\Users\yenkh\.m2\repository\jakarta\transaction\jakarta.transaction-api\2.0.1\jakarta.transaction-api-2.0.1.jar;C:\Users\yenkh\.m2\repository\org\jboss\logging\jboss-logging\3.6.1.Final\jboss-logging-3.6.1.Final.jar;C:\Users\yenkh\.m2\repository\org\hibernate\common\hibernate-commons-annotations\7.0.3.Final\hibernate-commons-annotations-7.0.3.Final.jar;C:\Users\yenkh\.m2\repository\io\smallrye\jandex\3.2.0\jandex-3.2.0.jar;C:\Users\yenkh\.m2\repository\com\fasterxml\classmate\1.7.1\classmate-1.7.1.jar;C:\Users\yenkh\.m2\repository\net\bytebuddy\byte-buddy\1.17.8\byte-buddy-1.17.8.jar;C:\Users\yenkh\.m2\repository\org\glassfish\jaxb\jaxb-runtime\4.0.6\jaxb-runtime-4.0.6.jar;C:\Users\yenkh\.m2\repository\org\glassfish\jaxb\jaxb-core\4.0.6\jaxb-core-4.0.6.jar;C:\Users\yenkh\.m2\repository\org\eclipse\angus\angus-activation\2.0.3\angus-activation-2.0.3.jar;C:\Users\yenkh\.m2\repository\org\glassfish\jaxb\txw2\4.0.6\txw2-4.0.6.jar;C:\Users\yenkh\.m2\repository\com\sun\istack\istack-commons-runtime\4.1.2\istack-commons-runtime-4.1.2.jar;C:\Users\yenkh\.m2\repository\jakarta\inject\jakarta.inject-api\2.0.1\jakarta.inject-api-2.0.1.jar;C:\Users\yenkh\.m2\repository\org\antlr\antlr4-runtime\4.13.0\antlr4-runtime-4.13.0.jar;C:\Users\yenkh\.m2\repository\org\springframework\data\spring-data-jpa\3.5.5\spring-data-jpa-3.5.5.jar;C:\Users\yenkh\.m2\repository\org\springframework\data\spring-data-commons\3.5.5\spring-data-commons-3.5.5.jar;C:\Users\yenkh\.m2\repository\org\springframework\spring-orm\6.2.12\spring-orm-6.2.12.jar;C:\Users\yenkh\.m2\repository\org\springframework\spring-tx\6.2.12\spring-tx-6.2.12.jar;C:\Users\yenkh\.m2\repository\org\springframework\spring-aspects\6.2.12\spring-aspects-6.2.12.jar;C:\Users\yenkh\.m2\repository\org\aspectj\aspectjweaver\1.9.24\aspectjweaver-1.9.24.jar;C:\Users\yenkh\.m2\repository\org\springframework\boot\spring-boot-starter-validation\3.5.7\spring-boot-starter-validation-3.5.7.jar;C:\Users\yenkh\.m2\repository\org\apache\tomcat\embed\tomcat-embed-el\10.1.48\tomcat-embed-el-10.1.48.jar;C:\Users\yenkh\.m2\repository\org\hibernate\validator\hibernate-validator\8.0.3.Final\hibernate-validator-8.0.3.Final.jar;C:\Users\yenkh\.m2\repository\jakarta\validation\jakarta.validation-api\3.0.2\jakarta.validation-api-3.0.2.jar;C:\Users\yenkh\.m2\repository\org\springframework\boot\spring-boot-starter-webflux\3.5.7\spring-boot-starter-webflux-3.5.7.jar;C:\Users\yenkh\.m2\repository\org\springframework\boot\spring-boot-starter-reactor-netty\3.5.7\spring-boot-starter-reactor-netty-3.5.7.jar;C:\Users\yenkh\.m2\repository\io\projectreactor\netty\reactor-netty-http\1.2.11\reactor-netty-http-1.2.11.jar;C:\Users\yenkh\.m2\repository\io\netty\netty-codec-http\4.1.128.Final\netty-codec-http-4.1.128.Final.jar;C:\Users\yenkh\.m2\repository\io\netty\netty-common\4.1.128.Final\netty-common-4.1.128.Final.jar;C:\Users\yenkh\.m2\repository\io\netty\netty-buffer\4.1.128.Final\netty-buffer-4.1.128.Final.jar;C:\Users\yenkh\.m2\repository\io\netty\netty-transport\4.1.128.Final\netty-transport-4.1.128.Final.jar;C:\Users\yenkh\.m2\repository\io\netty\netty-codec\4.1.128.Final\netty-codec-4.1.128.Final.jar;C:\Users\yenkh\.m2\repository\io\netty\netty-handler\4.1.128.Final\netty-handler-4.1.128.Final.jar;C:\Users\yenkh\.m2\repository\io\netty\netty-codec-http2\4.1.128.Final\netty-codec-http2-4.1.128.Final.jar;C:\Users\yenkh\.m2\repository\io\netty\netty-resolver-dns\4.1.128.Final\netty-resolver-dns-4.1.128.Final.jar;C:\Users\yenkh\.m2\repository\io\netty\netty-resolver\4.1.128.Final\netty-resolver-4.1.128.Final.jar;C:\Users\yenkh\.m2\repository\io\netty\netty-codec-dns\4.1.128.Final\netty-codec-dns-4.1.128.Final.jar;C:\Users\yenkh\.m2\repository\io\netty\netty-resolver-dns-native-macos\4.1.128.Final\netty-resolver-dns-native-macos-4.1.128.Final-osx-x86_64.jar;C:\Users\yenkh\.m2\repository\io\netty\netty-resolver-dns-classes-macos\4.1.128.Final\netty-resolver-dns-classes-macos-4.1.128.Final.jar;C:\Users\yenkh\.m2\repository\io\netty\netty-transport-native-epoll\4.1.128.Final\netty-transport-native-epoll-4.1.128.Final-linux-x86_64.jar;C:\Users\yenkh\.m2\repository\io\netty\netty-transport-native-unix-common\4.1.128.Final\netty-transport-native-unix-common-4.1.128.Final.jar;C:\Users\yenkh\.m2\repository\io\netty\netty-transport-classes-epoll\4.1.128.Final\netty-transport-classes-epoll-4.1.128.Final.jar;C:\Users\yenkh\.m2\repository\io\projectreactor\netty\reactor-netty-core\1.2.11\reactor-netty-core-1.2.11.jar;C:\Users\yenkh\.m2\repository\io\netty\netty-handler-proxy\4.1.128.Final\netty-handler-proxy-4.1.128.Final.jar;C:\Users\yenkh\.m2\repository\io\netty\netty-codec-socks\4.1.128.Final\netty-codec-socks-4.1.128.Final.jar;C:\Users\yenkh\.m2\repository\org\springframework\spring-webflux\6.2.12\spring-webflux-6.2.12.jar;C:\Users\yenkh\.m2\repository\com\fasterxml\jackson\core\jackson-databind\2.19.2\jackson-databind-2.19.2.jar;C:\Users\yenkh\.m2\repository\com\fasterxml\jackson\core\jackson-annotations\2.19.2\jackson-annotations-2.19.2.jar;C:\Users\yenkh\.m2\repository\com\fasterxml\jackson\core\jackson-core\2.19.2\jackson-core-2.19.2.jar;C:\Users\yenkh\.m2\repository\de\codecentric\spring-boot-admin-starter-server\3.5.5\spring-boot-admin-starter-server-3.5.5.jar;C:\Users\yenkh\.m2\repository\de\codecentric\spring-boot-admin-server\3.5.5\spring-boot-admin-server-3.5.5.jar;C:\Users\yenkh\.m2\repository\org\springframework\boot\spring-boot-starter-actuator\3.5.7\spring-boot-starter-actuator-3.5.7.jar;C:\Users\yenkh\.m2\repository\org\springframework\boot\spring-boot-actuator-autoconfigure\3.5.7\spring-boot-actuator-autoconfigure-3.5.7.jar;C:\Users\yenkh\.m2\repository\org\springframework\boot\spring-boot-actuator\3.5.7\spring-boot-actuator-3.5.7.jar;C:\Users\yenkh\.m2\repository\io\micrometer\micrometer-jakarta9\1.15.5\micrometer-jakarta9-1.15.5.jar;C:\Users\yenkh\.m2\repository\io\micrometer\micrometer-core\1.15.5\micrometer-core-1.15.5.jar;C:\Users\yenkh\.m2\repository\org\hdrhistogram\HdrHistogram\2.2.2\HdrHistogram-2.2.2.jar;C:\Users\yenkh\.m2\repository\org\latencyutils\LatencyUtils\2.0.3\LatencyUtils-2.0.3.jar;C:\Users\yenkh\.m2\repository\org\apache\httpcomponents\client5\httpclient5\5.5.1\httpclient5-5.5.1.jar;C:\Users\yenkh\.m2\repository\org\apache\httpcomponents\core5\httpcore5\5.3.6\httpcore5-5.3.6.jar;C:\Users\yenkh\.m2\repository\org\apache\httpcomponents\core5\httpcore5-h2\5.3.6\httpcore5-h2-5.3.6.jar;C:\Users\yenkh\.m2\repository\io\projectreactor\addons\reactor-extra\3.5.4\reactor-extra-3.5.4.jar;C:\Users\yenkh\.m2\repository\de\codecentric\spring-boot-admin-server-ui\3.5.5\spring-boot-admin-server-ui-3.5.5.jar;C:\Users\yenkh\.m2\repository\de\codecentric\spring-boot-admin-server-cloud\3.5.5\spring-boot-admin-server-cloud-3.5.5.jar;C:\Users\yenkh\.m2\repository\org\springframework\boot\spring-boot-devtools\3.5.7\spring-boot-devtools-3.5.7.jar;C:\Users\yenkh\.m2\repository\org\springframework\boot\spring-boot\3.5.7\spring-boot-3.5.7.jar;C:\Users\yenkh\.m2\repository\org\springframework\boot\spring-boot-autoconfigure\3.5.7\spring-boot-autoconfigure-3.5.7.jar;C:\Users\yenkh\.m2\repository\com\mysql\mysql-connector-j\9.4.0\mysql-connector-j-9.4.0.jar;C:\Users\yenkh\.m2\repository\jakarta\xml\bind\jakarta.xml.bind-api\4.0.4\jakarta.xml.bind-api-4.0.4.jar;C:\Users\yenkh\.m2\repository\jakarta\activation\jakarta.activation-api\2.1.4\jakarta.activation-api-2.1.4.jar;C:\Users\yenkh\.m2\repository\org\springframework\spring-core\6.2.12\spring-core-6.2.12.jar;C:\Users\yenkh\.m2\repository\org\springframework\spring-jcl\6.2.12\spring-jcl-6.2.12.jar;C:\Users\yenkh\.m2\repository\io\projectreactor\reactor-core\3.7.12\reactor-core-3.7.12.jar;C:\Users\yenkh\.m2\repository\org\reactivestreams\reactive-streams\1.0.4\reactive-streams-1.0.4.jar;C:\Users\yenkh\.m2\repository\org\springframework\security\spring-security-core\6.5.6\spring-security-core-6.5.6.jar;C:\Users\yenkh\.m2\repository\org\springframework\security\spring-security-crypto\6.5.6\spring-security-crypto-6.5.6.jar
Launcher Type: SUN_STANDARD

[Global flags]
     intx CICompilerCount                          = 12                                        {product} {ergonomic}
     uint ConcGCThreads                            = 3                                         {product} {ergonomic}
     uint G1ConcRefinementThreads                  = 13                                        {product} {ergonomic}
   size_t G1HeapRegionSize                         = 1048576                                   {product} {ergonomic}
    uintx GCDrainStackTargetSize                   = 64                                        {product} {ergonomic}
   size_t InitialHeapSize                          = 130023424                                 {product} {ergonomic}
   size_t MarkStackSize                            = 4194304                                   {product} {ergonomic}
   size_t MaxHeapSize                              = 2061500416                                {product} {ergonomic}
   size_t MaxNewSize                               = 1236271104                                {product} {ergonomic}
   size_t MinHeapDeltaBytes                        = 1048576                                   {product} {ergonomic}
   size_t MinHeapSize                              = 8388608                                   {product} {ergonomic}
    uintx NonNMethodCodeHeapSize                   = 7602480                                {pd product} {ergonomic}
    uintx NonProfiledCodeHeapSize                  = 122027880                              {pd product} {ergonomic}
    uintx ProfiledCodeHeapSize                     = 122027880                              {pd product} {ergonomic}
    uintx ReservedCodeCacheSize                    = 251658240                              {pd product} {ergonomic}
     bool SegmentedCodeCache                       = true                                      {product} {ergonomic}
   size_t SoftMaxHeapSize                          = 2061500416                             {manageable} {ergonomic}
     bool UseCompressedOops                        = true                           {product lp64_product} {ergonomic}
     bool UseG1GC                                  = true                                      {product} {ergonomic}
     bool UseLargePagesIndividualAllocation        = false                                  {pd product} {ergonomic}

Logging:
Log output configuration:
 #0: stdout all=warning uptime,level,tags foldmultilines=false
 #1: stderr all=off uptime,level,tags foldmultilines=false

Environment Variables:
JAVA_HOME=D:\Downloads\jdk-21.0.4_windows-x64_bin\jdk-21.0.4
PATH=%JAVA_HOME%\bin;%M2_HOME%\bin;C:\windows\system32;C:\windows;C:\windows\System32\Wbem;C:\windows\System32\WindowsPowerShell\v1.0\;C:\windows\System32\OpenSSH\;C:\Program Files (x86)\Microsoft SQL Server\160\Tools\Binn\;C:\Program Files\Microsoft SQL Server\160\Tools\Binn\;C:\Program Files\Microsoft SQL Server\Client SDK\ODBC\170\Tools\Binn\;C:\Program Files\Microsoft SQL Server\160\DTS\Binn\;D:\Downloads\jdk-21.0.4_windows-x64_bin\jdk-21.0.4\bin;C:\Program Files\MySQL\MySQL Server 8.0\bin;D:\Git\cmd;C:\Users\yenkh\AppData\Local\Microsoft\WinGet\Packages\Gyan.FFmpeg_Microsoft.Winget.Source_8wekyb3d8bbwe\ffmpeg-8.0-full_build\bin;C:\Program Files\MySQL\MySQL Shell 8.0\bin\;D:\Downloads\AIN6\Scripts\;D:\Downloads\AIN6\;C:\Users\yenkh\AppData\Local\Microsoft\WindowsApps;D:\Python\pythonProject\.venv\Scripts;D:\Downloads\apache-maven-3.9.9-bin\apache-maven-3.9.9\bin;D:\Git\bin;D:\web\Microsoft VS Code\bin;D:\Git\Git\cmd;D:\java\IntelliJ IDEA Community Edition 2025.2.3\bin
USERNAME=yenkh
OS=Windows_NT
PROCESSOR_IDENTIFIER=Intel64 Family 6 Model 154 Stepping 3, GenuineIntel
TMP=C:\Users\yenkh\AppData\Local\Temp
TEMP=C:\Users\yenkh\AppData\Local\Temp




Periodic native trim disabled

---------------  S Y S T E M  ---------------

OS:
 Windows 11 , 64 bit Build 22621 (10.0.22621.3958)
OS uptime: 15 days 7:52 hours
Hyper-V role detected

CPU: total 16 (initial active 16) (8 cores per cpu, 2 threads per core) family 6 model 154 stepping 3 microcode 0x42c, cx8, cmov, fxsr, ht, mmx, 3dnowpref, sse, sse2, sse3, ssse3, sse4.1, sse4.2, popcnt, lzcnt, tsc, tscinvbit, avx, avx2, aes, erms, clmul, bmi1, bmi2, adx, sha, fma, vzeroupper, clflush, clflushopt, clwb, hv, serialize, rdtscp, rdpid, fsrm, f16c, cet_ibt, cet_ss
Processor Information for processor 0
  Max Mhz: 1700, Current Mhz: 1700, Mhz Limit: 1700
Processor Information for processor 1
  Max Mhz: 1700, Current Mhz: 1700, Mhz Limit: 1700
Processor Information for processor 2
  Max Mhz: 1700, Current Mhz: 1700, Mhz Limit: 1700
Processor Information for processor 3
  Max Mhz: 1700, Current Mhz: 1700, Mhz Limit: 1700
Processor Information for processor 4
  Max Mhz: 1700, Current Mhz: 1700, Mhz Limit: 1700
Processor Information for processor 5
  Max Mhz: 1700, Current Mhz: 1700, Mhz Limit: 1700
Processor Information for processor 6
  Max Mhz: 1700, Current Mhz: 1700, Mhz Limit: 1700
Processor Information for processor 7
  Max Mhz: 1700, Current Mhz: 1700, Mhz Limit: 1700
Processor Information for processor 8
  Max Mhz: 1700, Current Mhz: 1200, Mhz Limit: 1190
Processor Information for processor 9
  Max Mhz: 1700, Current Mhz: 1200, Mhz Limit: 1190
Processor Information for processor 10
  Max Mhz: 1700, Current Mhz: 1200, Mhz Limit: 1190
Processor Information for processor 11
  Max Mhz: 1700, Current Mhz: 1200, Mhz Limit: 1190
Processor Information for processor 12
  Max Mhz: 1700, Current Mhz: 1200, Mhz Limit: 1190
Processor Information for processor 13
  Max Mhz: 1700, Current Mhz: 1200, Mhz Limit: 1190
Processor Information for processor 14
  Max Mhz: 1700, Current Mhz: 1200, Mhz Limit: 1190
Processor Information for processor 15
  Max Mhz: 1700, Current Mhz: 1200, Mhz Limit: 1190

Memory: 4k page, system-wide physical 7860M (971M free)
TotalPageFile size 15718M (AvailPageFile size 3M)
current process WorkingSet (physical memory assigned to process): 285M, peak: 288M
current process commit charge ("private bytes"): 335M, peak: 336M

vm_info: Java HotSpot(TM) 64-Bit Server VM (21.0.4+8-LTS-274) for windows-amd64 JRE (21.0.4+8-LTS-274), built on 2024-06-05T05:23:33Z by "mach5one" with MS VC++ 17.6 (VS2022)

END.
