#
# There is insufficient memory for the Java Runtime Environment to continue.
# Native memory allocation (malloc) failed to allocate 1171856 bytes for Chunk::new
# Possible reasons:
#   The system is out of physical RAM or swap space
#   The process is running with CompressedOops enabled, and the Java Heap may be blocking the growth of the native heap
# Possible solutions:
#   Reduce memory load on the system
#   Increase physical memory or swap space
#   Check if swap backing store is full
#   Decrease Java heap size (-Xmx/-Xms)
#   Decrease number of Java threads
#   Decrease Java thread stack sizes (-Xss)
#   Set larger code cache with -XX:ReservedCodeCacheSize=
#   JVM is running with Unscaled Compressed Oops mode in which the Java heap is
#     placed in the first 4GB address space. The Java Heap base address is the
#     maximum limit for the native heap growth. Please use -XX:HeapBaseMinAddress
#     to set the Java Heap base and to place the Java Heap above 4GB virtual address.
# This output file may be truncated or incomplete.
#
#  Out of Memory Error (arena.cpp:168), pid=9140, tid=22068
#
# JRE version: Java(TM) SE Runtime Environment (21.0.4+8) (build 21.0.4+8-LTS-274)
# Java VM: Java HotSpot(TM) 64-Bit Server VM (21.0.4+8-LTS-274, mixed mode, sharing, tiered, compressed oops, compressed class ptrs, g1 gc, windows-amd64)
# No core dump will be written. Minidumps are not enabled by default on client versions of Windows
#

---------------  S U M M A R Y ------------

Command Line: -javaagent:D:\java\IntelliJ IDEA Community Edition 2025.2.3\lib\idea_rt.jar=64004 -Dfile.encoding=UTF-8 -Dsun.stdout.encoding=UTF-8 -Dsun.stderr.encoding=UTF-8 com.ieltsgrading.ielts_evaluator.EoEoIeltsGradingAppApplication

Host: 12th Gen Intel(R) Core(TM) i5-1240P, 16 cores, 7G,  Windows 11 , 64 bit Build 22621 (10.0.22621.3958)
Time: Sat Dec 20 21:51:24 2025 SE Asia Standard Time elapsed time: 15.221916 seconds (0d 0h 0m 15s)

---------------  T H R E A D  ---------------

Current thread (0x000002448011ef80):  JavaThread "C2 CompilerThread3" daemon [_thread_in_native, id=22068, stack(0x000000b4cb700000,0x000000b4cb800000) (1024K)]


Current CompileTask:
C2:  15222 8640       4       org.antlr.v4.runtime.atn.PredictionContext::mergeArrays (809 bytes)

Stack: [0x000000b4cb700000,0x000000b4cb800000]
Native frames: (J=compiled Java code, j=interpreted, Vv=VM code, C=native code)
V  [jvm.dll+0x6c8e59]
V  [jvm.dll+0x853181]
V  [jvm.dll+0x8556ae]
V  [jvm.dll+0x855d83]
V  [jvm.dll+0x27d526]
V  [jvm.dll+0xc4aad]
V  [jvm.dll+0xc4fe3]
V  [jvm.dll+0x3b3fd2]
V  [jvm.dll+0x3809a5]
V  [jvm.dll+0x37fe1a]
V  [jvm.dll+0x246280]
V  [jvm.dll+0x24585f]
V  [jvm.dll+0x1c69de]
V  [jvm.dll+0x254d49]
V  [jvm.dll+0x2532da]
V  [jvm.dll+0x3ed426]
V  [jvm.dll+0x7fd65b]
V  [jvm.dll+0x6c753d]
C  [ucrtbase.dll+0x29333]
C  [KERNEL32.DLL+0x1257d]
C  [ntdll.dll+0x5af28]


---------------  P R O C E S S  ---------------

Threads class SMR info:
_java_thread_list=0x00000244fb6542c0, length=28, elements={
0x0000024494660590, 0x00000244b3cd15b0, 0x00000244b3cd2220, 0x00000244b3cd4820,
0x00000244b3cd5540, 0x00000244b3cd5bd0, 0x00000244b3cd4eb0, 0x00000244b3ce9ee0,
0x00000244b3cfbd70, 0x00000244b3cfafd0, 0x00000244b3cd6260, 0x00000244b3cf8dc0,
0x00000244b3cd68f0, 0x00000244b3cd6f80, 0x00000244b3cf9b60, 0x00000244b3cd3b00,
0x00000244b3cd4190, 0x00000244fa3eba40, 0x00000244fa3e64f0, 0x00000244fa3e7210,
0x00000244fa3ead20, 0x00000244fa3e6b80, 0x00000244fa3e85c0, 0x000002448011f650,
0x000002448011e8b0, 0x000002448011ef80, 0x000002448011fd20, 0x00000244801203f0
}

Java Threads: ( => current thread )
  0x0000024494660590 JavaThread "main"                              [_thread_blocked, id=9396, stack(0x000000b4c8800000,0x000000b4c8900000) (1024K)]
  0x00000244b3cd15b0 JavaThread "Reference Handler"          daemon [_thread_blocked, id=22136, stack(0x000000b4c9000000,0x000000b4c9100000) (1024K)]
  0x00000244b3cd2220 JavaThread "Finalizer"                  daemon [_thread_blocked, id=28128, stack(0x000000b4c9100000,0x000000b4c9200000) (1024K)]
  0x00000244b3cd4820 JavaThread "Signal Dispatcher"          daemon [_thread_blocked, id=27384, stack(0x000000b4c9200000,0x000000b4c9300000) (1024K)]
  0x00000244b3cd5540 JavaThread "Attach Listener"            daemon [_thread_blocked, id=19724, stack(0x000000b4c9300000,0x000000b4c9400000) (1024K)]
  0x00000244b3cd5bd0 JavaThread "Service Thread"             daemon [_thread_blocked, id=17992, stack(0x000000b4c9400000,0x000000b4c9500000) (1024K)]
  0x00000244b3cd4eb0 JavaThread "Monitor Deflation Thread"   daemon [_thread_blocked, id=27672, stack(0x000000b4c9500000,0x000000b4c9600000) (1024K)]
  0x00000244b3ce9ee0 JavaThread "C2 CompilerThread0"         daemon [_thread_blocked, id=16984, stack(0x000000b4c9600000,0x000000b4c9700000) (1024K)]
  0x00000244b3cfbd70 JavaThread "C1 CompilerThread0"         daemon [_thread_blocked, id=12480, stack(0x000000b4c9700000,0x000000b4c9800000) (1024K)]
  0x00000244b3cfafd0 JavaThread "C1 CompilerThread1"         daemon [_thread_blocked, id=11388, stack(0x000000b4c9800000,0x000000b4c9900000) (1024K)]
  0x00000244b3cd6260 JavaThread "Common-Cleaner"             daemon [_thread_blocked, id=11188, stack(0x000000b4c9900000,0x000000b4c9a00000) (1024K)]
  0x00000244b3cf8dc0 JavaThread "C1 CompilerThread2"         daemon [_thread_blocked, id=8832, stack(0x000000b4c9a00000,0x000000b4c9b00000) (1024K)]
  0x00000244b3cd68f0 JavaThread "Monitor Ctrl-Break"         daemon [_thread_in_native, id=20644, stack(0x000000b4c9c00000,0x000000b4c9d00000) (1024K)]
  0x00000244b3cd6f80 JavaThread "Notification Thread"        daemon [_thread_blocked, id=9052, stack(0x000000b4c9d00000,0x000000b4c9e00000) (1024K)]
  0x00000244b3cf9b60 JavaThread "C1 CompilerThread3"         daemon [_thread_blocked, id=21140, stack(0x000000b4c9e00000,0x000000b4c9f00000) (1024K)]
  0x00000244b3cd3b00 JavaThread "Thread-0"                          [_thread_blocked, id=25308, stack(0x000000b4ca300000,0x000000b4ca400000) (1024K)]
  0x00000244b3cd4190 JavaThread "restartedMain"                     [_thread_in_native, id=23860, stack(0x000000b4ca400000,0x000000b4ca500000) (1024K)]
  0x00000244fa3eba40 JavaThread "Catalina-utility-1"                [_thread_blocked, id=16148, stack(0x000000b4caa00000,0x000000b4cab00000) (1024K)]
  0x00000244fa3e64f0 JavaThread "Catalina-utility-2"                [_thread_blocked, id=8436, stack(0x000000b4cb100000,0x000000b4cb200000) (1024K)]
  0x00000244fa3e7210 JavaThread "container-0"                       [_thread_blocked, id=9480, stack(0x000000b4cb200000,0x000000b4cb300000) (1024K)]
  0x00000244fa3ead20 JavaThread "mysql-cj-abandoned-connection-cleanup" daemon [_thread_blocked, id=2176, stack(0x000000b4cb300000,0x000000b4cb400000) (1024K)]
  0x00000244fa3e6b80 JavaThread "HikariPool-1:housekeeper"   daemon [_thread_blocked, id=7772, stack(0x000000b4cb500000,0x000000b4cb600000) (1024K)]
  0x00000244fa3e85c0 JavaThread "HikariPool-1:connection-adder" daemon [_thread_blocked, id=16128, stack(0x000000b4ca500000,0x000000b4ca600000) (1024K)]
  0x000002448011f650 JavaThread "C2 CompilerThread1"         daemon [_thread_blocked, id=2504, stack(0x000000b4c9b00000,0x000000b4c9c00000) (1024K)]
  0x000002448011e8b0 JavaThread "C2 CompilerThread2"         daemon [_thread_blocked, id=19988, stack(0x000000b4cb600000,0x000000b4cb700000) (1024K)]
=>0x000002448011ef80 JavaThread "C2 CompilerThread3"         daemon [_thread_in_native, id=22068, stack(0x000000b4cb700000,0x000000b4cb800000) (1024K)]
  0x000002448011fd20 JavaThread "C2 CompilerThread4"         daemon [_thread_blocked, id=16096, stack(0x000000b4cb800000,0x000000b4cb900000) (1024K)]
  0x00000244801203f0 JavaThread "C2 CompilerThread5"         daemon [_thread_blocked, id=17036, stack(0x000000b4cb900000,0x000000b4cba00000) (1024K)]
Total: 28

Other Threads:
  0x00000244b3cb2cb0 VMThread "VM Thread"                           [id=4780, stack(0x000000b4c8f00000,0x000000b4c9000000) (1024K)]
  0x00000244b3c9a600 WatcherThread "VM Periodic Task Thread"        [id=28320, stack(0x000000b4c8e00000,0x000000b4c8f00000) (1024K)]
  0x0000024496965f00 WorkerThread "GC Thread#0"                     [id=5600, stack(0x000000b4c8900000,0x000000b4c8a00000) (1024K)]
  0x00000244f9ac68d0 WorkerThread "GC Thread#1"                     [id=13272, stack(0x000000b4c9f00000,0x000000b4ca000000) (1024K)]
  0x00000244f9fd0c30 WorkerThread "GC Thread#2"                     [id=5876, stack(0x000000b4ca000000,0x000000b4ca100000) (1024K)]
  0x00000244f9fd0fd0 WorkerThread "GC Thread#3"                     [id=12212, stack(0x000000b4ca100000,0x000000b4ca200000) (1024K)]
  0x00000244f9fd1370 WorkerThread "GC Thread#4"                     [id=24476, stack(0x000000b4ca200000,0x000000b4ca300000) (1024K)]
  0x00000244fa0d2ca0 WorkerThread "GC Thread#5"                     [id=12536, stack(0x000000b4ca600000,0x000000b4ca700000) (1024K)]
  0x00000244fa0a8f70 WorkerThread "GC Thread#6"                     [id=7744, stack(0x000000b4ca700000,0x000000b4ca800000) (1024K)]
  0x00000244fa2bf210 WorkerThread "GC Thread#7"                     [id=28056, stack(0x000000b4ca800000,0x000000b4ca900000) (1024K)]
  0x00000244fa2bdff0 WorkerThread "GC Thread#8"                     [id=17480, stack(0x000000b4ca900000,0x000000b4caa00000) (1024K)]
  0x00000244fa2bee70 WorkerThread "GC Thread#9"                     [id=25592, stack(0x000000b4cab00000,0x000000b4cac00000) (1024K)]
  0x00000244fa2bd8b0 WorkerThread "GC Thread#10"                    [id=2312, stack(0x000000b4cac00000,0x000000b4cad00000) (1024K)]
  0x00000244fa859f40 WorkerThread "GC Thread#11"                    [id=23520, stack(0x000000b4cad00000,0x000000b4cae00000) (1024K)]
  0x00000244fa856c80 WorkerThread "GC Thread#12"                    [id=10072, stack(0x000000b4cae00000,0x000000b4caf00000) (1024K)]
  0x00000244969763a0 ConcurrentGCThread "G1 Main Marker"            [id=17552, stack(0x000000b4c8a00000,0x000000b4c8b00000) (1024K)]
  0x0000024496976f50 WorkerThread "G1 Conc#0"                       [id=22004, stack(0x000000b4c8b00000,0x000000b4c8c00000) (1024K)]
  0x00000244fa8590c0 WorkerThread "G1 Conc#1"                       [id=8260, stack(0x000000b4caf00000,0x000000b4cb000000) (1024K)]
  0x00000244fa859ba0 WorkerThread "G1 Conc#2"                       [id=23472, stack(0x000000b4cb000000,0x000000b4cb100000) (1024K)]
  0x00000244b3b6dee0 ConcurrentGCThread "G1 Refine#0"               [id=14772, stack(0x000000b4c8c00000,0x000000b4c8d00000) (1024K)]
  0x00000244b3b6e7f0 ConcurrentGCThread "G1 Service"                [id=20728, stack(0x000000b4c8d00000,0x000000b4c8e00000) (1024K)]
Total: 21

Threads with active compile tasks:
C2 CompilerThread3    15260 8640       4       org.antlr.v4.runtime.atn.PredictionContext::mergeArrays (809 bytes)
Total: 1

VM state: not at safepoint (normal execution)

VM Mutex/Monitor currently owned by a thread: None

Heap address: 0x0000000085200000, size: 1966 MB, Compressed Oops mode: 32-bit

CDS archive(s) mapped at: [0x00000244b4000000-0x00000244b4c90000-0x00000244b4c90000), size 13172736, SharedBaseAddress: 0x00000244b4000000, ArchiveRelocationMode: 1.
Compressed class space mapped at: 0x00000244b5000000-0x00000244f5000000, reserved size: 1073741824
Narrow klass base: 0x00000244b4000000, Narrow klass shift: 0, Narrow klass range: 0x100000000

GC Precious Log:
 CardTable entry size: 512
 Card Set container configuration: InlinePtr #cards 5 size 8 Array Of Cards #cards 12 size 40 Howl #buckets 4 coarsen threshold 1843 Howl Bitmap #cards 512 size 80 coarsen threshold 460 Card regions per heap region 1 cards per card region 2048
 CPUs: 16 total, 16 available
 Memory: 7860M
 Large Page Support: Disabled
 NUMA Support: Disabled
 Compressed Oops: Enabled (32-bit)
 Heap Region Size: 1M
 Heap Min Capacity: 8M
 Heap Initial Capacity: 124M
 Heap Max Capacity: 1966M
 Pre-touch: Disabled
 Parallel Workers: 13
 Concurrent Workers: 3
 Concurrent Refinement Workers: 13
 Periodic GC: Disabled

Heap:
 garbage-first heap   total 72704K, used 50769K [0x0000000085200000, 0x0000000100000000)
  region size 1024K, 17 young (17408K), 4 survivors (4096K)
 Metaspace       used 75544K, committed 76288K, reserved 1179648K
  class space    used 10563K, committed 10880K, reserved 1048576K

Heap Regions: E=young(eden), S=young(survivor), O=old, HS=humongous(starts), HC=humongous(continues), CS=collection set, F=free, TAMS=top-at-mark-start, PB=parsable bottom
|   0|0x0000000085200000, 0x0000000085300000, 0x0000000085300000|100%|HS|  |TAMS 0x0000000085200000| PB 0x0000000085200000| Complete 
|   1|0x0000000085300000, 0x0000000085400000, 0x0000000085400000|100%|HS|  |TAMS 0x0000000085300000| PB 0x0000000085300000| Complete 
|   2|0x0000000085400000, 0x0000000085500000, 0x0000000085500000|100%| O|  |TAMS 0x0000000085400000| PB 0x0000000085400000| Untracked 
|   3|0x0000000085500000, 0x0000000085600000, 0x0000000085600000|100%| O|  |TAMS 0x0000000085500000| PB 0x0000000085500000| Untracked 
|   4|0x0000000085600000, 0x0000000085700000, 0x0000000085700000|100%| O|  |TAMS 0x0000000085600000| PB 0x0000000085600000| Untracked 
|   5|0x0000000085700000, 0x0000000085800000, 0x0000000085800000|100%| O|  |TAMS 0x0000000085700000| PB 0x0000000085700000| Untracked 
|   6|0x0000000085800000, 0x0000000085900000, 0x0000000085900000|100%| O|  |TAMS 0x0000000085800000| PB 0x0000000085800000| Untracked 
|   7|0x0000000085900000, 0x0000000085a00000, 0x0000000085a00000|100%| O|  |TAMS 0x0000000085900000| PB 0x0000000085900000| Untracked 
|   8|0x0000000085a00000, 0x0000000085af64d8, 0x0000000085b00000| 96%| O|  |TAMS 0x0000000085a00000| PB 0x0000000085a00000| Untracked 
|   9|0x0000000085b00000, 0x0000000085c00000, 0x0000000085c00000|100%| O|  |TAMS 0x0000000085b00000| PB 0x0000000085b00000| Untracked 
|  10|0x0000000085c00000, 0x0000000085d00000, 0x0000000085d00000|100%| O|  |TAMS 0x0000000085c00000| PB 0x0000000085c00000| Untracked 
|  11|0x0000000085d00000, 0x0000000085e00000, 0x0000000085e00000|100%| O|  |TAMS 0x0000000085d00000| PB 0x0000000085d00000| Untracked 
|  12|0x0000000085e00000, 0x0000000085f00000, 0x0000000085f00000|100%| O|  |TAMS 0x0000000085e00000| PB 0x0000000085e00000| Untracked 
|  13|0x0000000085f00000, 0x0000000086000000, 0x0000000086000000|100%| O|  |TAMS 0x0000000085f00000| PB 0x0000000085f00000| Untracked 
|  14|0x0000000086000000, 0x0000000086100000, 0x0000000086100000|100%| O|  |TAMS 0x0000000086000000| PB 0x0000000086000000| Untracked 
|  15|0x0000000086100000, 0x0000000086200000, 0x0000000086200000|100%| O|  |TAMS 0x0000000086100000| PB 0x0000000086100000| Untracked 
|  16|0x0000000086200000, 0x0000000086300000, 0x0000000086300000|100%| O|  |TAMS 0x0000000086200000| PB 0x0000000086200000| Untracked 
|  17|0x0000000086300000, 0x0000000086400000, 0x0000000086400000|100%| O|  |TAMS 0x0000000086300000| PB 0x0000000086300000| Untracked 
|  18|0x0000000086400000, 0x0000000086500000, 0x0000000086500000|100%| O|  |TAMS 0x0000000086400000| PB 0x0000000086400000| Untracked 
|  19|0x0000000086500000, 0x0000000086600000, 0x0000000086600000|100%| O|  |TAMS 0x0000000086500000| PB 0x0000000086500000| Untracked 
|  20|0x0000000086600000, 0x0000000086700000, 0x0000000086700000|100%| O|  |TAMS 0x0000000086600000| PB 0x0000000086600000| Untracked 
|  21|0x0000000086700000, 0x0000000086800000, 0x0000000086800000|100%| O|Cm|TAMS 0x0000000086700000| PB 0x0000000086700000| Complete 
|  22|0x0000000086800000, 0x0000000086900000, 0x0000000086900000|100%| O|  |TAMS 0x0000000086800000| PB 0x0000000086800000| Untracked 
|  23|0x0000000086900000, 0x0000000086a00000, 0x0000000086a00000|100%| O|  |TAMS 0x0000000086900000| PB 0x0000000086900000| Untracked 
|  24|0x0000000086a00000, 0x0000000086b00000, 0x0000000086b00000|100%| O|  |TAMS 0x0000000086a00000| PB 0x0000000086a00000| Untracked 
|  25|0x0000000086b00000, 0x0000000086c00000, 0x0000000086c00000|100%| O|  |TAMS 0x0000000086b00000| PB 0x0000000086b00000| Untracked 
|  26|0x0000000086c00000, 0x0000000086d00000, 0x0000000086d00000|100%| O|  |TAMS 0x0000000086c00000| PB 0x0000000086c00000| Untracked 
|  27|0x0000000086d00000, 0x0000000086e00000, 0x0000000086e00000|100%| O|  |TAMS 0x0000000086d00000| PB 0x0000000086d00000| Untracked 
|  28|0x0000000086e00000, 0x0000000086f00000, 0x0000000086f00000|100%| O|  |TAMS 0x0000000086e00000| PB 0x0000000086e00000| Untracked 
|  29|0x0000000086f00000, 0x0000000087000000, 0x0000000087000000|100%| O|  |TAMS 0x0000000086f00000| PB 0x0000000086f00000| Untracked 
|  30|0x0000000087000000, 0x0000000087100000, 0x0000000087100000|100%| O|  |TAMS 0x0000000087000000| PB 0x0000000087000000| Untracked 
|  31|0x0000000087100000, 0x0000000087200000, 0x0000000087200000|100%| O|  |TAMS 0x0000000087100000| PB 0x0000000087100000| Untracked 
|  32|0x0000000087200000, 0x0000000087259bc8, 0x0000000087300000| 35%| O|  |TAMS 0x0000000087200000| PB 0x0000000087200000| Untracked 
|  33|0x0000000087300000, 0x0000000087300000, 0x0000000087400000|  0%| F|  |TAMS 0x0000000087300000| PB 0x0000000087300000| Untracked 
|  34|0x0000000087400000, 0x0000000087400000, 0x0000000087500000|  0%| F|  |TAMS 0x0000000087400000| PB 0x0000000087400000| Untracked 
|  35|0x0000000087500000, 0x0000000087500000, 0x0000000087600000|  0%| F|  |TAMS 0x0000000087500000| PB 0x0000000087500000| Untracked 
|  36|0x0000000087600000, 0x0000000087600000, 0x0000000087700000|  0%| F|  |TAMS 0x0000000087600000| PB 0x0000000087600000| Untracked 
|  37|0x0000000087700000, 0x00000000877445c0, 0x0000000087800000| 26%| S|CS|TAMS 0x0000000087700000| PB 0x0000000087700000| Complete 
|  38|0x0000000087800000, 0x0000000087900000, 0x0000000087900000|100%| S|CS|TAMS 0x0000000087800000| PB 0x0000000087800000| Complete 
|  39|0x0000000087900000, 0x0000000087a00000, 0x0000000087a00000|100%| S|CS|TAMS 0x0000000087900000| PB 0x0000000087900000| Complete 
|  40|0x0000000087a00000, 0x0000000087a00000, 0x0000000087b00000|  0%| F|  |TAMS 0x0000000087a00000| PB 0x0000000087a00000| Untracked 
|  41|0x0000000087b00000, 0x0000000087b00000, 0x0000000087c00000|  0%| F|  |TAMS 0x0000000087b00000| PB 0x0000000087b00000| Untracked 
|  42|0x0000000087c00000, 0x0000000087c00000, 0x0000000087d00000|  0%| F|  |TAMS 0x0000000087c00000| PB 0x0000000087c00000| Untracked 
|  43|0x0000000087d00000, 0x0000000087e00000, 0x0000000087e00000|100%| S|CS|TAMS 0x0000000087d00000| PB 0x0000000087d00000| Complete 
|  44|0x0000000087e00000, 0x0000000087e00000, 0x0000000087f00000|  0%| F|  |TAMS 0x0000000087e00000| PB 0x0000000087e00000| Untracked 
|  45|0x0000000087f00000, 0x0000000087f00000, 0x0000000088000000|  0%| F|  |TAMS 0x0000000087f00000| PB 0x0000000087f00000| Untracked 
|  46|0x0000000088000000, 0x0000000088000000, 0x0000000088100000|  0%| F|  |TAMS 0x0000000088000000| PB 0x0000000088000000| Untracked 
|  47|0x0000000088100000, 0x0000000088100000, 0x0000000088200000|  0%| F|  |TAMS 0x0000000088100000| PB 0x0000000088100000| Untracked 
|  48|0x0000000088200000, 0x0000000088200000, 0x0000000088300000|  0%| F|  |TAMS 0x0000000088200000| PB 0x0000000088200000| Untracked 
|  49|0x0000000088300000, 0x0000000088300000, 0x0000000088400000|  0%| F|  |TAMS 0x0000000088300000| PB 0x0000000088300000| Untracked 
|  50|0x0000000088400000, 0x0000000088400000, 0x0000000088500000|  0%| F|  |TAMS 0x0000000088400000| PB 0x0000000088400000| Untracked 
|  51|0x0000000088500000, 0x0000000088500000, 0x0000000088600000|  0%| F|  |TAMS 0x0000000088500000| PB 0x0000000088500000| Untracked 
|  52|0x0000000088600000, 0x0000000088600000, 0x0000000088700000|  0%| F|  |TAMS 0x0000000088600000| PB 0x0000000088600000| Untracked 
|  53|0x0000000088700000, 0x0000000088700000, 0x0000000088800000|  0%| F|  |TAMS 0x0000000088700000| PB 0x0000000088700000| Untracked 
|  54|0x0000000088800000, 0x0000000088800000, 0x0000000088900000|  0%| F|  |TAMS 0x0000000088800000| PB 0x0000000088800000| Untracked 
|  55|0x0000000088900000, 0x0000000088987c10, 0x0000000088a00000| 53%| E|  |TAMS 0x0000000088900000| PB 0x0000000088900000| Complete 
|  56|0x0000000088a00000, 0x0000000088b00000, 0x0000000088b00000|100%| E|CS|TAMS 0x0000000088a00000| PB 0x0000000088a00000| Complete 
|  57|0x0000000088b00000, 0x0000000088c00000, 0x0000000088c00000|100%| E|  |TAMS 0x0000000088b00000| PB 0x0000000088b00000| Complete 
|  58|0x0000000088c00000, 0x0000000088d00000, 0x0000000088d00000|100%| E|CS|TAMS 0x0000000088c00000| PB 0x0000000088c00000| Complete 
|  71|0x0000000089900000, 0x0000000089a00000, 0x0000000089a00000|100%| E|CS|TAMS 0x0000000089900000| PB 0x0000000089900000| Complete 
|  72|0x0000000089a00000, 0x0000000089b00000, 0x0000000089b00000|100%| E|CS|TAMS 0x0000000089a00000| PB 0x0000000089a00000| Complete 
|  73|0x0000000089b00000, 0x0000000089c00000, 0x0000000089c00000|100%| E|CS|TAMS 0x0000000089b00000| PB 0x0000000089b00000| Complete 
|  74|0x0000000089c00000, 0x0000000089d00000, 0x0000000089d00000|100%| E|CS|TAMS 0x0000000089c00000| PB 0x0000000089c00000| Complete 
|  75|0x0000000089d00000, 0x0000000089e00000, 0x0000000089e00000|100%| E|CS|TAMS 0x0000000089d00000| PB 0x0000000089d00000| Complete 
|  76|0x0000000089e00000, 0x0000000089f00000, 0x0000000089f00000|100%| E|CS|TAMS 0x0000000089e00000| PB 0x0000000089e00000| Complete 
|  77|0x0000000089f00000, 0x000000008a000000, 0x000000008a000000|100%| E|CS|TAMS 0x0000000089f00000| PB 0x0000000089f00000| Complete 
| 122|0x000000008cc00000, 0x000000008cd00000, 0x000000008cd00000|100%| E|CS|TAMS 0x000000008cc00000| PB 0x000000008cc00000| Complete 
| 123|0x000000008cd00000, 0x000000008ce00000, 0x000000008ce00000|100%| E|CS|TAMS 0x000000008cd00000| PB 0x000000008cd00000| Complete 
|1963|0x00000000ffd00000, 0x00000000ffe00000, 0x00000000ffe00000|100%| O|  |TAMS 0x00000000ffd00000| PB 0x00000000ffd00000| Untracked 
|1964|0x00000000ffe00000, 0x00000000fff00000, 0x00000000fff00000|100%| O|  |TAMS 0x00000000ffe00000| PB 0x00000000ffe00000| Untracked 
|1965|0x00000000fff00000, 0x0000000100000000, 0x0000000100000000|100%| O|  |TAMS 0x00000000fff00000| PB 0x00000000fff00000| Untracked 

Card table byte_map: [0x00000244ae9d0000,0x00000244aedb0000] _byte_map_base: 0x00000244ae5a7000

Marking Bits: (CMBitMap*) 0x0000024496966500
 Bits: [0x00000244aedb0000, 0x00000244b0c68000)

Polling page: 0x00000244960c0000

Metaspace:

Usage:
  Non-class:     63.54 MB used.
      Class:     10.32 MB used.
       Both:     73.86 MB used.

Virtual space:
  Non-class space:      128.00 MB reserved,      63.94 MB ( 50%) committed,  2 nodes.
      Class space:        1.00 GB reserved,      10.62 MB (  1%) committed,  1 nodes.
             Both:        1.12 GB reserved,      74.56 MB (  6%) committed. 

Chunk freelists:
   Non-Class:  15.48 MB
       Class:  5.23 MB
        Both:  20.72 MB

MaxMetaspaceSize: unlimited
CompressedClassSpaceSize: 1.00 GB
Initial GC threshold: 21.00 MB
Current GC threshold: 119.81 MB
CDS: on
 - commit_granule_bytes: 65536.
 - commit_granule_words: 8192.
 - virtual_space_node_default_size: 8388608.
 - enlarge_chunks_in_place: 1.
 - use_allocation_guard: 0.


Internal statistics:

num_allocs_failed_limit: 11.
num_arena_births: 958.
num_arena_deaths: 0.
num_vsnodes_births: 3.
num_vsnodes_deaths: 0.
num_space_committed: 1194.
num_space_uncommitted: 0.
num_chunks_returned_to_freelist: 11.
num_chunks_taken_from_freelist: 3738.
num_chunk_merges: 11.
num_chunk_splits: 2724.
num_chunks_enlarged: 2131.
num_inconsistent_stats: 0.

CodeHeap 'non-profiled nmethods': size=119168Kb used=4695Kb max_used=4999Kb free=114473Kb
 bounds [0x00000244a6910000, 0x00000244a6e00000, 0x00000244add70000]
CodeHeap 'profiled nmethods': size=119104Kb used=14737Kb max_used=15328Kb free=104366Kb
 bounds [0x000002449ed70000, 0x000002449fc70000, 0x00000244a61c0000]
CodeHeap 'non-nmethods': size=7488Kb used=3375Kb max_used=3436Kb free=4112Kb
 bounds [0x00000244a61c0000, 0x00000244a6530000, 0x00000244a6910000]
 total_blobs=8267 nmethods=7548 adapters=619
 compilation: enabled
              stopped_count=0, restarted_count=0
 full_count=0

Compilation events (20 events):
Event: 15.154 Thread 0x000002448011e8b0 8631       4       org.antlr.v4.runtime.misc.FlexibleHashMap::getBucket (21 bytes)
Event: 15.155 Thread 0x000002448011f650 8632       4       org.antlr.v4.runtime.atn.PredictionMode$AltAndContextConfigEqualityComparator::hashCode (9 bytes)
Event: 15.156 Thread 0x00000244b3ce9ee0 8653       4       org.antlr.v4.runtime.atn.ParserATNSimulator::getReachableTarget (23 bytes)
Event: 15.162 Thread 0x000002448011f650 nmethod 8632 0x00000244a6bddf90 code [0x00000244a6bde120, 0x00000244a6bde298]
Event: 15.163 Thread 0x000002448011f650 8652       4       org.antlr.v4.runtime.atn.AtomTransition::matches (14 bytes)
Event: 15.164 Thread 0x000002448011e8b0 nmethod 8631 0x00000244a6b07c10 code [0x00000244a6b07da0, 0x00000244a6b07f90]
Event: 15.166 Thread 0x000002448011e8b0 8657       4       java.util.LinkedList::linkLast (59 bytes)
Event: 15.167 Thread 0x000002448011f650 nmethod 8652 0x00000244a6b07910 code [0x00000244a6b07a80, 0x00000244a6b07b18]
Event: 15.168 Thread 0x000002448011f650 8658       4       java.util.BitSet::checkInvariants (111 bytes)
Event: 15.170 Thread 0x000002448011f650 nmethod 8658 0x00000244a6b07610 code [0x00000244a6b07780, 0x00000244a6b07808]
Event: 15.171 Thread 0x000002448011f650 8633       4       java.lang.StrictMath::floorOrCeil (128 bytes)
Event: 15.176 Thread 0x000002448011f650 nmethod 8633 0x00000244a6b07290 code [0x00000244a6b07440, 0x00000244a6b07548]
Event: 15.177 Thread 0x000002448011f650 8642       4       org.antlr.v4.runtime.atn.ArrayPredictionContext::getParent (7 bytes)
Event: 15.179 Thread 0x00000244b3ce9ee0 nmethod 8653 0x00000244a6c02310 code [0x00000244a6c024c0, 0x00000244a6c02828]
Event: 15.181 Thread 0x000002448011f650 nmethod 8642 0x00000244a6b06e10 code [0x00000244a6b06fa0, 0x00000244a6b07070]
Event: 15.183 Thread 0x000002448011e8b0 nmethod 8657 0x00000244a6c01d10 code [0x00000244a6c01ea0, 0x00000244a6c02268]
Event: 15.191 Thread 0x00000244b3cfafd0 8665       3       java.lang.StringBuilder::append (6 bytes)
Event: 15.192 Thread 0x00000244b3cfafd0 nmethod 8665 0x000002449efbf390 code [0x000002449efbf540, 0x000002449efbf6f0]
Event: 15.217 Thread 0x00000244b3cfbd70 8666       1       org.hibernate.query.sqm.tree.jpa.AbstractJpaTupleElement::getNodeType (5 bytes)
Event: 15.218 Thread 0x00000244b3cfbd70 nmethod 8666 0x00000244a6c01a10 code [0x00000244a6c01ba0, 0x00000244a6c01c68]

GC Heap History (20 events):
Event: 6.239 GC heap before
{Heap before GC invocations=5 (full 0):
 garbage-first heap   total 72704K, used 54364K [0x0000000085200000, 0x0000000100000000)
  region size 1024K, 42 young (43008K), 8 survivors (8192K)
 Metaspace       used 30098K, committed 30528K, reserved 1114112K
  class space    used 3895K, committed 4096K, reserved 1048576K
}
Event: 6.249 GC heap after
{Heap after GC invocations=6 (full 0):
 garbage-first heap   total 72704K, used 21946K [0x0000000085200000, 0x0000000100000000)
  region size 1024K, 3 young (3072K), 3 survivors (3072K)
 Metaspace       used 30098K, committed 30528K, reserved 1114112K
  class space    used 3895K, committed 4096K, reserved 1048576K
}
Event: 7.527 GC heap before
{Heap before GC invocations=6 (full 0):
 garbage-first heap   total 72704K, used 51642K [0x0000000085200000, 0x0000000100000000)
  region size 1024K, 33 young (33792K), 3 survivors (3072K)
 Metaspace       used 35497K, committed 35968K, reserved 1114112K
  class space    used 4647K, committed 4864K, reserved 1048576K
}
Event: 7.534 GC heap after
{Heap after GC invocations=7 (full 0):
 garbage-first heap   total 72704K, used 25177K [0x0000000085200000, 0x0000000100000000)
  region size 1024K, 5 young (5120K), 5 survivors (5120K)
 Metaspace       used 35497K, committed 35968K, reserved 1114112K
  class space    used 4647K, committed 4864K, reserved 1048576K
}
Event: 9.115 GC heap before
{Heap before GC invocations=8 (full 0):
 garbage-first heap   total 72704K, used 59993K [0x0000000085200000, 0x0000000100000000)
  region size 1024K, 39 young (39936K), 5 survivors (5120K)
 Metaspace       used 41485K, committed 42048K, reserved 1114112K
  class space    used 5473K, committed 5696K, reserved 1048576K
}
Event: 9.121 GC heap after
{Heap after GC invocations=9 (full 0):
 garbage-first heap   total 72704K, used 28530K [0x0000000085200000, 0x0000000100000000)
  region size 1024K, 4 young (4096K), 4 survivors (4096K)
 Metaspace       used 41485K, committed 42048K, reserved 1114112K
  class space    used 5473K, committed 5696K, reserved 1048576K
}
Event: 10.509 GC heap before
{Heap before GC invocations=9 (full 0):
 garbage-first heap   total 72704K, used 60274K [0x0000000085200000, 0x0000000100000000)
  region size 1024K, 35 young (35840K), 4 survivors (4096K)
 Metaspace       used 51151K, committed 51776K, reserved 1114112K
  class space    used 6820K, committed 7104K, reserved 1048576K
}
Event: 10.515 GC heap after
{Heap after GC invocations=10 (full 0):
 garbage-first heap   total 72704K, used 30963K [0x0000000085200000, 0x0000000100000000)
  region size 1024K, 3 young (3072K), 3 survivors (3072K)
 Metaspace       used 51151K, committed 51776K, reserved 1114112K
  class space    used 6820K, committed 7104K, reserved 1048576K
}
Event: 11.596 GC heap before
{Heap before GC invocations=10 (full 0):
 garbage-first heap   total 72704K, used 60659K [0x0000000085200000, 0x0000000100000000)
  region size 1024K, 33 young (33792K), 3 survivors (3072K)
 Metaspace       used 57833K, committed 58432K, reserved 1114112K
  class space    used 7707K, committed 8000K, reserved 1048576K
}
Event: 11.600 GC heap after
{Heap after GC invocations=11 (full 0):
 garbage-first heap   total 72704K, used 33383K [0x0000000085200000, 0x0000000100000000)
  region size 1024K, 3 young (3072K), 3 survivors (3072K)
 Metaspace       used 57833K, committed 58432K, reserved 1114112K
  class space    used 7707K, committed 8000K, reserved 1048576K
}
Event: 11.763 GC heap before
{Heap before GC invocations=11 (full 0):
 garbage-first heap   total 72704K, used 36455K [0x0000000085200000, 0x0000000100000000)
  region size 1024K, 7 young (7168K), 3 survivors (3072K)
 Metaspace       used 59600K, committed 60160K, reserved 1114112K
  class space    used 7935K, committed 8192K, reserved 1048576K
}
Event: 11.766 GC heap after
{Heap after GC invocations=12 (full 0):
 garbage-first heap   total 72704K, used 33798K [0x0000000085200000, 0x0000000100000000)
  region size 1024K, 1 young (1024K), 1 survivors (1024K)
 Metaspace       used 59600K, committed 60160K, reserved 1114112K
  class space    used 7935K, committed 8192K, reserved 1048576K
}
Event: 12.433 GC heap before
{Heap before GC invocations=13 (full 0):
 garbage-first heap   total 72704K, used 63494K [0x0000000085200000, 0x0000000100000000)
  region size 1024K, 30 young (30720K), 1 survivors (1024K)
 Metaspace       used 62214K, committed 62848K, reserved 1114112K
  class space    used 8407K, committed 8704K, reserved 1048576K
}
Event: 12.437 GC heap after
{Heap after GC invocations=14 (full 0):
 garbage-first heap   total 72704K, used 34218K [0x0000000085200000, 0x0000000100000000)
  region size 1024K, 1 young (1024K), 1 survivors (1024K)
 Metaspace       used 62214K, committed 62848K, reserved 1114112K
  class space    used 8407K, committed 8704K, reserved 1048576K
}
Event: 13.732 GC heap before
{Heap before GC invocations=14 (full 0):
 garbage-first heap   total 72704K, used 64938K [0x0000000085200000, 0x0000000100000000)
  region size 1024K, 31 young (31744K), 1 survivors (1024K)
 Metaspace       used 68295K, committed 68928K, reserved 1114112K
  class space    used 9247K, committed 9536K, reserved 1048576K
}
Event: 13.736 GC heap after
{Heap after GC invocations=15 (full 0):
 garbage-first heap   total 72704K, used 36252K [0x0000000085200000, 0x0000000100000000)
  region size 1024K, 4 young (4096K), 4 survivors (4096K)
 Metaspace       used 68295K, committed 68928K, reserved 1114112K
  class space    used 9247K, committed 9536K, reserved 1048576K
}
Event: 14.587 GC heap before
{Heap before GC invocations=15 (full 0):
 garbage-first heap   total 72704K, used 61852K [0x0000000085200000, 0x0000000100000000)
  region size 1024K, 29 young (29696K), 4 survivors (4096K)
 Metaspace       used 72852K, committed 73536K, reserved 1114112K
  class space    used 10018K, committed 10304K, reserved 1048576K
}
Event: 14.593 GC heap after
{Heap after GC invocations=16 (full 0):
 garbage-first heap   total 72704K, used 38460K [0x0000000085200000, 0x0000000100000000)
  region size 1024K, 3 young (3072K), 3 survivors (3072K)
 Metaspace       used 72852K, committed 73536K, reserved 1114112K
  class space    used 10018K, committed 10304K, reserved 1048576K
}
Event: 15.023 GC heap before
{Heap before GC invocations=17 (full 0):
 garbage-first heap   total 72704K, used 63036K [0x0000000085200000, 0x0000000100000000)
  region size 1024K, 27 young (27648K), 3 survivors (3072K)
 Metaspace       used 74463K, committed 75200K, reserved 1114112K
  class space    used 10389K, committed 10688K, reserved 1048576K
}
Event: 15.028 GC heap after
{Heap after GC invocations=18 (full 0):
 garbage-first heap   total 72704K, used 39505K [0x0000000085200000, 0x0000000100000000)
  region size 1024K, 4 young (4096K), 4 survivors (4096K)
 Metaspace       used 74463K, committed 75200K, reserved 1114112K
  class space    used 10389K, committed 10688K, reserved 1048576K
}

Dll operation events (12 events):
Event: 0.017 Loaded shared library D:\Downloads\jdk-21.0.4_windows-x64_bin\jdk-21.0.4\bin\java.dll
Event: 0.061 Loaded shared library D:\Downloads\jdk-21.0.4_windows-x64_bin\jdk-21.0.4\bin\jsvml.dll
Event: 0.251 Loaded shared library D:\Downloads\jdk-21.0.4_windows-x64_bin\jdk-21.0.4\bin\zip.dll
Event: 0.259 Loaded shared library D:\Downloads\jdk-21.0.4_windows-x64_bin\jdk-21.0.4\bin\instrument.dll
Event: 0.270 Loaded shared library D:\Downloads\jdk-21.0.4_windows-x64_bin\jdk-21.0.4\bin\net.dll
Event: 0.273 Loaded shared library D:\Downloads\jdk-21.0.4_windows-x64_bin\jdk-21.0.4\bin\nio.dll
Event: 0.280 Loaded shared library D:\Downloads\jdk-21.0.4_windows-x64_bin\jdk-21.0.4\bin\zip.dll
Event: 0.571 Loaded shared library D:\Downloads\jdk-21.0.4_windows-x64_bin\jdk-21.0.4\bin\extnet.dll
Event: 0.629 Loaded shared library D:\Downloads\jdk-21.0.4_windows-x64_bin\jdk-21.0.4\bin\jimage.dll
Event: 1.040 Loaded shared library D:\Downloads\jdk-21.0.4_windows-x64_bin\jdk-21.0.4\bin\management.dll
Event: 1.048 Loaded shared library D:\Downloads\jdk-21.0.4_windows-x64_bin\jdk-21.0.4\bin\management_ext.dll
Event: 3.329 Loaded shared library D:\Downloads\jdk-21.0.4_windows-x64_bin\jdk-21.0.4\bin\sunmscapi.dll

Deoptimization events (20 events):
Event: 15.051 Thread 0x00000244b3cd4190 Uncommon trap: trap_request=0xffffffd6 fr.pc=0x00000244a6a274c4 relative=0x0000000000000da4
Event: 15.051 Thread 0x00000244b3cd4190 Uncommon trap: reason=array_check action=maybe_recompile pc=0x00000244a6a274c4 method=org.antlr.v4.runtime.misc.Array2DHashSet.getOrAddImpl(Ljava/lang/Object;)Ljava/lang/Object; @ 74 c2
Event: 15.051 Thread 0x00000244b3cd4190 DEOPT PACKING pc=0x00000244a6a274c4 sp=0x000000b4ca4fa860
Event: 15.051 Thread 0x00000244b3cd4190 DEOPT UNPACKING pc=0x00000244a62146a2 sp=0x000000b4ca4fa820 mode 2
Event: 15.051 Thread 0x00000244b3cd4190 Uncommon trap: trap_request=0xffffffd6 fr.pc=0x00000244a6a274c4 relative=0x0000000000000da4
Event: 15.052 Thread 0x00000244b3cd4190 Uncommon trap: reason=array_check action=maybe_recompile pc=0x00000244a6a274c4 method=org.antlr.v4.runtime.misc.Array2DHashSet.getOrAddImpl(Ljava/lang/Object;)Ljava/lang/Object; @ 74 c2
Event: 15.052 Thread 0x00000244b3cd4190 DEOPT PACKING pc=0x00000244a6a274c4 sp=0x000000b4ca4fa900
Event: 15.052 Thread 0x00000244b3cd4190 DEOPT UNPACKING pc=0x00000244a62146a2 sp=0x000000b4ca4fa8c0 mode 2
Event: 15.056 Thread 0x00000244b3cd4190 Uncommon trap: trap_request=0xffffffd6 fr.pc=0x00000244a6be3624 relative=0x0000000000000de4
Event: 15.056 Thread 0x00000244b3cd4190 Uncommon trap: reason=array_check action=maybe_recompile pc=0x00000244a6be3624 method=org.antlr.v4.runtime.misc.Array2DHashSet.getOrAddImpl(Ljava/lang/Object;)Ljava/lang/Object; @ 74 c2
Event: 15.056 Thread 0x00000244b3cd4190 DEOPT PACKING pc=0x00000244a6be3624 sp=0x000000b4ca4fa280
Event: 15.056 Thread 0x00000244b3cd4190 DEOPT UNPACKING pc=0x00000244a62146a2 sp=0x000000b4ca4fa1e8 mode 2
Event: 15.057 Thread 0x00000244b3cd4190 DEOPT PACKING pc=0x000002449fc3bd83 sp=0x000000b4ca4f94b0
Event: 15.057 Thread 0x00000244b3cd4190 DEOPT UNPACKING pc=0x00000244a6214e42 sp=0x000000b4ca4f89b0 mode 0
Event: 15.065 Thread 0x00000244b3cd4190 DEOPT PACKING pc=0x000002449fc3bd83 sp=0x000000b4ca4f9980
Event: 15.065 Thread 0x00000244b3cd4190 DEOPT UNPACKING pc=0x00000244a6214e42 sp=0x000000b4ca4f8e80 mode 0
Event: 15.068 Thread 0x00000244b3cd4190 DEOPT PACKING pc=0x000002449fc3bd83 sp=0x000000b4ca4fa580
Event: 15.068 Thread 0x00000244b3cd4190 DEOPT UNPACKING pc=0x00000244a6214e42 sp=0x000000b4ca4f9a80 mode 0
Event: 15.074 Thread 0x00000244b3cd4190 DEOPT PACKING pc=0x000002449fc3bd83 sp=0x000000b4ca4f88f0
Event: 15.074 Thread 0x00000244b3cd4190 DEOPT UNPACKING pc=0x00000244a6214e42 sp=0x000000b4ca4f7df0 mode 0

Classes loaded (20 events):
Event: 13.997 Loading class java/util/stream/ReduceOps$CountingSink$OfRef
Event: 13.997 Loading class java/util/stream/ReduceOps$CountingSink
Event: 13.998 Loading class java/util/stream/ReduceOps$CountingSink done
Event: 13.998 Loading class java/util/stream/ReduceOps$CountingSink$OfRef done
Event: 14.145 Loading class java/lang/invoke/WrongMethodTypeException
Event: 14.145 Loading class java/lang/invoke/WrongMethodTypeException done
Event: 14.166 Loading class java/lang/Character$UnicodeBlock
Event: 14.168 Loading class java/lang/Character$Subset
Event: 14.168 Loading class java/lang/Character$Subset done
Event: 14.171 Loading class java/lang/Character$UnicodeBlock done
Event: 14.262 Loading class java/util/regex/Pattern$Bound
Event: 14.262 Loading class java/util/regex/Pattern$Bound done
Event: 14.262 Loading class java/util/regex/Pattern$SliceI
Event: 14.262 Loading class java/util/regex/Pattern$SliceI done
Event: 14.264 Loading class java/util/regex/Pattern$LookBehindEndNode
Event: 14.264 Loading class java/util/regex/Pattern$LookBehindEndNode done
Event: 14.264 Loading class java/util/regex/Pattern$NotBehind
Event: 14.264 Loading class java/util/regex/Pattern$NotBehind done
Event: 14.265 Loading class java/util/regex/Pattern$Behind
Event: 14.265 Loading class java/util/regex/Pattern$Behind done

Classes unloaded (0 events):
No events

Classes redefined (0 events):
No events

Internal exceptions (20 events):
Event: 12.816 Thread 0x00000244b3cd4190 Exception <a 'java/lang/NoSuchMethodError'{0x0000000088b7a7e0}: 'java.lang.Object java.lang.invoke.Invokers$Holder.linkToTargetMethod(java.lang.Object, int, java.lang.Object, java.lang.Object)'> (0x0000000088b7a7e0) 
thrown [s\open\src\hotspot\share\interpreter\linkResolver.cpp, line 773]
Event: 12.840 Thread 0x00000244b3cd4190 Exception <a 'java/lang/NoSuchMethodError'{0x0000000088a2e310}: 'void java.lang.invoke.DirectMethodHandle$Holder.invokeSpecial(java.lang.Object, java.lang.Object, java.lang.Object, java.lang.Object, java.lang.Object, java.lang.Object, java.lang.Object, java.lang.Object)'> (0x0000000088a2e310) 
thrown [s\open\src\hotspot\share\interpreter\linkResolver.cpp, line 773]
Event: 12.848 Thread 0x00000244b3cd4190 Exception <a 'java/lang/NoSuchMethodError'{0x0000000088a66c80}: 'void java.lang.invoke.DirectMethodHandle$Holder.invokeSpecial(java.lang.Object, java.lang.Object, int, java.lang.Object)'> (0x0000000088a66c80) 
thrown [s\open\src\hotspot\share\interpreter\linkResolver.cpp, line 773]
Event: 12.848 Thread 0x00000244b3cd4190 Exception <a 'java/lang/NoSuchMethodError'{0x0000000088a6cd90}: 'java.lang.Object java.lang.invoke.DirectMethodHandle$Holder.newInvokeSpecial(java.lang.Object, java.lang.Object, int)'> (0x0000000088a6cd90) 
thrown [s\open\src\hotspot\share\interpreter\linkResolver.cpp, line 773]
Event: 12.876 Thread 0x00000244b3cd4190 Exception <a 'java/lang/NoSuchMethodError'{0x00000000889c5290}: 'int java.lang.invoke.DirectMethodHandle$Holder.invokeStatic(java.lang.Object, int, java.lang.Object)'> (0x00000000889c5290) 
thrown [s\open\src\hotspot\share\interpreter\linkResolver.cpp, line 773]
Event: 12.878 Thread 0x00000244b3cd4190 Exception <a 'java/lang/NoSuchMethodError'{0x00000000889de630}: 'java.lang.Object java.lang.invoke.DirectMethodHandle$Holder.newInvokeSpecial(java.lang.Object, java.lang.Object, java.lang.Object, java.lang.Object, java.lang.Object, int, java.lang.Object)'> (0x00000000889de630) 
thrown [s\open\src\hotspot\share\interpreter\linkResolver.cpp, line 773]
Event: 12.881 Thread 0x00000244b3cd4190 Exception <a 'java/lang/NoSuchMethodError'{0x000000008880f2b0}: 'java.lang.Object java.lang.invoke.Invokers$Holder.linkToTargetMethod(java.lang.Object, java.lang.Object, java.lang.Object, java.lang.Object, java.lang.Object, java.lang.Object, java.lang.Object, java.lang.Object, java.lang.Object, java.lang.Object, java.lang.Object, java.lang.Object)'> (0x000000008880f2b0) 
thrown [s\open\src\hotspot\share\interpreter\linkResolver.cpp, line 773]
Event: 12.953 Thread 0x00000244b3cd4190 Exception <a 'java/lang/IncompatibleClassChangeError'{0x00000000887cba40}: Found class java.lang.Object, but interface was expected> (0x00000000887cba40) 
thrown [s\open\src\hotspot\share\interpreter\linkResolver.cpp, line 840]
Event: 12.967 Thread 0x00000244b3cd4190 Exception <a 'java/lang/NoSuchMethodError'{0x0000000088642f48}: 'java.lang.Object java.lang.invoke.DirectMethodHandle$Holder.newInvokeSpecial(java.lang.Object, java.lang.Object, int, java.lang.Object, int, java.lang.Object, java.lang.Object)'> (0x0000000088642f48) 
thrown [s\open\src\hotspot\share\interpreter\linkResolver.cpp, line 773]
Event: 12.972 Thread 0x00000244b3cd4190 Exception <a 'java/lang/NoSuchMethodError'{0x0000000088689cd8}: 'java.lang.Object java.lang.invoke.DirectMethodHandle$Holder.newInvokeSpecial(java.lang.Object, java.lang.Object, java.lang.Object, java.lang.Object, java.lang.Object, java.lang.Object, java.lang.Object, int)'> (0x0000000088689cd8) 
thrown [s\open\src\hotspot\share\interpreter\linkResolver.cpp, line 773]
Event: 12.972 Thread 0x00000244b3cd4190 Exception <a 'java/lang/NoSuchMethodError'{0x000000008868e1f0}: 'java.lang.Object java.lang.invoke.DirectMethodHandle$Holder.invokeSpecial(java.lang.Object, java.lang.Object, java.lang.Object, java.lang.Object, java.lang.Object, java.lang.Object, java.lang.Object, java.lang.Object, int)'> (0x000000008868e1f0) 
thrown [s\open\src\hotspot\share\interpreter\linkResolver.cpp, line 773]
Event: 12.972 Thread 0x00000244b3cd4190 Exception <a 'java/lang/NoSuchMethodError'{0x00000000886921c0}: 'java.lang.Object java.lang.invoke.Invokers$Holder.linkToTargetMethod(java.lang.Object, java.lang.Object, java.lang.Object, java.lang.Object, java.lang.Object, java.lang.Object, int, java.lang.Object)'> (0x00000000886921c0) 
thrown [s\open\src\hotspot\share\interpreter\linkResolver.cpp, line 773]
Event: 13.314 Thread 0x00000244b3cd4190 Exception <a 'java/lang/NoSuchMethodError'{0x0000000087f7f160}: 'java.lang.Object java.lang.invoke.DirectMethodHandle$Holder.invokeSpecial(java.lang.Object, java.lang.Object, int, java.lang.Object, int)'> (0x0000000087f7f160) 
thrown [s\open\src\hotspot\share\interpreter\linkResolver.cpp, line 773]
Event: 13.571 Thread 0x00000244b3cd4190 Implicit null exception at 0x00000244a6d0b177 to 0x00000244a6d0b3e0
Event: 13.664 Thread 0x00000244b3cd4190 Implicit null exception at 0x00000244a69547ac to 0x00000244a6956210
Event: 13.677 Thread 0x00000244b3cd4190 Exception <a 'java/lang/IncompatibleClassChangeError'{0x00000000879ccf88}: Found class java.lang.Object, but interface was expected> (0x00000000879ccf88) 
thrown [s\open\src\hotspot\share\interpreter\linkResolver.cpp, line 840]
Event: 13.763 Thread 0x00000244b3cd4190 Exception <a 'java/lang/IncompatibleClassChangeError'{0x000000008cd75d70}: Found class java.lang.Object, but interface was expected> (0x000000008cd75d70) 
thrown [s\open\src\hotspot\share\interpreter\linkResolver.cpp, line 840]
Event: 13.932 Thread 0x00000244b3cd4190 Exception <a 'java/lang/IncompatibleClassChangeError'{0x0000000089dabe58}: Found class java.lang.Object, but interface was expected> (0x0000000089dabe58) 
thrown [s\open\src\hotspot\share\interpreter\linkResolver.cpp, line 840]
Event: 14.201 Thread 0x00000244b3cd4190 Exception <a 'java/lang/IncompatibleClassChangeError'{0x0000000088cde810}: Found class java.lang.Object, but interface was expected> (0x0000000088cde810) 
thrown [s\open\src\hotspot\share\interpreter\linkResolver.cpp, line 840]
Event: 14.202 Thread 0x00000244b3cd4190 Exception <a 'java/lang/IncompatibleClassChangeError'{0x0000000088ce3eb8}: Found class java.lang.Object, but interface was expected> (0x0000000088ce3eb8) 
thrown [s\open\src\hotspot\share\interpreter\linkResolver.cpp, line 840]

ZGC Phase Switch (0 events):
No events

VM Operations (20 events):
Event: 13.234 Executing VM operation: ICBufferFull
Event: 13.234 Executing VM operation: ICBufferFull done
Event: 13.526 Executing VM operation: HandshakeAllThreads (Deoptimize)
Event: 13.527 Executing VM operation: HandshakeAllThreads (Deoptimize) done
Event: 13.732 Executing VM operation: G1CollectForAllocation (G1 Evacuation Pause)
Event: 13.737 Executing VM operation: G1CollectForAllocation (G1 Evacuation Pause) done
Event: 13.959 Executing VM operation: HandshakeAllThreads (Deoptimize)
Event: 13.959 Executing VM operation: HandshakeAllThreads (Deoptimize) done
Event: 13.960 Executing VM operation: HandshakeAllThreads (Deoptimize)
Event: 13.960 Executing VM operation: HandshakeAllThreads (Deoptimize) done
Event: 14.586 Executing VM operation: G1CollectForAllocation (G1 Evacuation Pause)
Event: 14.593 Executing VM operation: G1CollectForAllocation (G1 Evacuation Pause) done
Event: 14.618 Executing VM operation: G1PauseRemark
Event: 14.627 Executing VM operation: G1PauseRemark done
Event: 14.636 Executing VM operation: HandshakeAllThreads (Deoptimize)
Event: 14.636 Executing VM operation: HandshakeAllThreads (Deoptimize) done
Event: 14.642 Executing VM operation: G1PauseCleanup
Event: 14.642 Executing VM operation: G1PauseCleanup done
Event: 15.023 Executing VM operation: G1CollectForAllocation (G1 Evacuation Pause)
Event: 15.028 Executing VM operation: G1CollectForAllocation (G1 Evacuation Pause) done

Events (20 events):
Event: 14.624 Thread 0x00000244b3cb2cb0 flushing nmethod 0x000002449f6b1910
Event: 14.624 Thread 0x00000244b3cb2cb0 flushing nmethod 0x000002449f836390
Event: 14.624 Thread 0x00000244b3cb2cb0 flushing nmethod 0x000002449f98ed10
Event: 14.624 Thread 0x00000244b3cb2cb0 flushing nmethod 0x000002449f9a3e90
Event: 14.624 Thread 0x00000244b3cb2cb0 flushing nmethod 0x000002449f9a8490
Event: 14.624 Thread 0x00000244b3cb2cb0 flushing nmethod 0x000002449fa17e10
Event: 14.624 Thread 0x00000244b3cb2cb0 flushing nmethod 0x000002449fa18210
Event: 14.624 Thread 0x00000244b3cb2cb0 flushing nmethod 0x00000244a69d0110
Event: 14.624 Thread 0x00000244b3cb2cb0 flushing nmethod 0x000002449eed3c90
Event: 14.624 Thread 0x00000244b3cb2cb0 flushing nmethod 0x000002449eed5990
Event: 14.624 Thread 0x00000244b3cb2cb0 flushing nmethod 0x000002449eeed110
Event: 14.624 Thread 0x00000244b3cb2cb0 flushing nmethod 0x000002449eeed490
Event: 14.624 Thread 0x00000244b3cb2cb0 flushing nmethod 0x000002449ef09110
Event: 14.624 Thread 0x00000244b3cb2cb0 flushing nmethod 0x000002449f848a90
Event: 14.624 Thread 0x00000244b3cb2cb0 flushing nmethod 0x000002449f84a510
Event: 14.624 Thread 0x00000244b3cb2cb0 flushing nmethod 0x000002449f84b610
Event: 14.624 Thread 0x00000244b3cb2cb0 flushing nmethod 0x000002449f84ba10
Event: 14.624 Thread 0x00000244b3cb2cb0 flushing nmethod 0x000002449f87f010
Event: 14.624 Thread 0x00000244b3cb2cb0 flushing nmethod 0x000002449f9fe410
Event: 14.624 Thread 0x00000244b3cb2cb0 flushing nmethod 0x000002449fa26510


Dynamic libraries:
0x00007ff67ad40000 - 0x00007ff67ad50000 	D:\Downloads\jdk-21.0.4_windows-x64_bin\jdk-21.0.4\bin\java.exe
0x00007ffd1fdf0000 - 0x00007ffd20007000 	C:\windows\SYSTEM32\ntdll.dll
0x00007ffd1f2b0000 - 0x00007ffd1f374000 	C:\windows\System32\KERNEL32.DLL
0x00007ffd1d1d0000 - 0x00007ffd1d57d000 	C:\windows\System32\KERNELBASE.dll
0x00007ffd1d9a0000 - 0x00007ffd1dab1000 	C:\windows\System32\ucrtbase.dll
0x00007ffce8c70000 - 0x00007ffce8c89000 	D:\Downloads\jdk-21.0.4_windows-x64_bin\jdk-21.0.4\bin\jli.dll
0x00007ffd1f590000 - 0x00007ffd1f642000 	C:\windows\System32\ADVAPI32.dll
0x00007ffce8c50000 - 0x00007ffce8c6b000 	D:\Downloads\jdk-21.0.4_windows-x64_bin\jdk-21.0.4\bin\VCRUNTIME140.dll
0x00007ffd1e410000 - 0x00007ffd1e4b7000 	C:\windows\System32\msvcrt.dll
0x00007ffd1f200000 - 0x00007ffd1f2a9000 	C:\windows\System32\sechost.dll
0x00007ffd1dac0000 - 0x00007ffd1dae8000 	C:\windows\System32\bcrypt.dll
0x00007ffd1f850000 - 0x00007ffd1f964000 	C:\windows\System32\RPCRT4.dll
0x00007ffd1dc00000 - 0x00007ffd1ddae000 	C:\windows\System32\USER32.dll
0x00007ffd1daf0000 - 0x00007ffd1db16000 	C:\windows\System32\win32u.dll
0x00007ffcfbf30000 - 0x00007ffcfc1c3000 	C:\windows\WinSxS\amd64_microsoft.windows.common-controls_6595b64144ccf1df_6.0.22621.3672_none_2713b9d173822955\COMCTL32.dll
0x00007ffd1f970000 - 0x00007ffd1f999000 	C:\windows\System32\GDI32.dll
0x00007ffd1d5f0000 - 0x00007ffd1d709000 	C:\windows\System32\gdi32full.dll
0x00007ffd1d790000 - 0x00007ffd1d82a000 	C:\windows\System32\msvcp_win.dll
0x00007ffd11f10000 - 0x00007ffd11f1a000 	C:\windows\SYSTEM32\VERSION.dll
0x00007ffd1f800000 - 0x00007ffd1f831000 	C:\windows\System32\IMM32.DLL
0x00007ffcf9120000 - 0x00007ffcf912c000 	D:\Downloads\jdk-21.0.4_windows-x64_bin\jdk-21.0.4\bin\vcruntime140_1.dll
0x00007ffcc7a70000 - 0x00007ffcc7afe000 	D:\Downloads\jdk-21.0.4_windows-x64_bin\jdk-21.0.4\bin\msvcp140.dll
0x00007ffc83f20000 - 0x00007ffc84c33000 	D:\Downloads\jdk-21.0.4_windows-x64_bin\jdk-21.0.4\bin\server\jvm.dll
0x00007ffd1db20000 - 0x00007ffd1db91000 	C:\windows\System32\WS2_32.dll
0x00007ffd1cf20000 - 0x00007ffd1cf6d000 	C:\windows\SYSTEM32\POWRPROF.dll
0x00007ffd14a20000 - 0x00007ffd14a54000 	C:\windows\SYSTEM32\WINMM.dll
0x00007ffd1ce00000 - 0x00007ffd1ce13000 	C:\windows\SYSTEM32\UMPDC.dll
0x00007ffd1c110000 - 0x00007ffd1c128000 	C:\windows\SYSTEM32\kernel.appcore.dll
0x00007ffcf7040000 - 0x00007ffcf704a000 	D:\Downloads\jdk-21.0.4_windows-x64_bin\jdk-21.0.4\bin\jimage.dll
0x00007ffd1a9e0000 - 0x00007ffd1ac12000 	C:\windows\SYSTEM32\DBGHELP.DLL
0x00007ffd1e5d0000 - 0x00007ffd1e95d000 	C:\windows\System32\combase.dll
0x00007ffd1fcd0000 - 0x00007ffd1fda7000 	C:\windows\System32\OLEAUT32.dll
0x00007ffce9920000 - 0x00007ffce9952000 	C:\windows\SYSTEM32\dbgcore.DLL
0x00007ffd1d710000 - 0x00007ffd1d78b000 	C:\windows\System32\bcryptPrimitives.dll
0x00007ffcf6ff0000 - 0x00007ffcf6fff000 	D:\Downloads\jdk-21.0.4_windows-x64_bin\jdk-21.0.4\bin\instrument.dll
0x00007ffce8940000 - 0x00007ffce895f000 	D:\Downloads\jdk-21.0.4_windows-x64_bin\jdk-21.0.4\bin\java.dll
0x00007ffd1e960000 - 0x00007ffd1f1c8000 	C:\windows\System32\SHELL32.dll
0x00007ffd1b010000 - 0x00007ffd1b90e000 	C:\windows\SYSTEM32\windows.storage.dll
0x00007ffd1aed0000 - 0x00007ffd1b00f000 	C:\windows\SYSTEM32\wintypes.dll
0x00007ffd1f430000 - 0x00007ffd1f529000 	C:\windows\System32\SHCORE.dll
0x00007ffd1dba0000 - 0x00007ffd1dbfe000 	C:\windows\System32\shlwapi.dll
0x00007ffd1d040000 - 0x00007ffd1d061000 	C:\windows\SYSTEM32\profapi.dll
0x00007ffcbd3d0000 - 0x00007ffcbd4a7000 	D:\Downloads\jdk-21.0.4_windows-x64_bin\jdk-21.0.4\bin\jsvml.dll
0x00007ffcdb280000 - 0x00007ffcdb298000 	D:\Downloads\jdk-21.0.4_windows-x64_bin\jdk-21.0.4\bin\zip.dll
0x00007ffcefb80000 - 0x00007ffcefb90000 	D:\Downloads\jdk-21.0.4_windows-x64_bin\jdk-21.0.4\bin\net.dll
0x00007ffd19a70000 - 0x00007ffd19ba6000 	C:\windows\SYSTEM32\WINHTTP.dll
0x00007ffd1c5b0000 - 0x00007ffd1c619000 	C:\windows\system32\mswsock.dll
0x00007ffcdb2a0000 - 0x00007ffcdb2b6000 	D:\Downloads\jdk-21.0.4_windows-x64_bin\jdk-21.0.4\bin\nio.dll
0x00007ffceae50000 - 0x00007ffceae59000 	D:\Downloads\jdk-21.0.4_windows-x64_bin\jdk-21.0.4\bin\extnet.dll
0x00007ffceae00000 - 0x00007ffceae0a000 	D:\Downloads\jdk-21.0.4_windows-x64_bin\jdk-21.0.4\bin\management.dll
0x00007ffce8da0000 - 0x00007ffce8dab000 	D:\Downloads\jdk-21.0.4_windows-x64_bin\jdk-21.0.4\bin\management_ext.dll
0x00007ffd1f840000 - 0x00007ffd1f848000 	C:\windows\System32\PSAPI.DLL
0x00007ffced1e0000 - 0x00007ffced1ee000 	D:\Downloads\jdk-21.0.4_windows-x64_bin\jdk-21.0.4\bin\sunmscapi.dll
0x00007ffd1d830000 - 0x00007ffd1d997000 	C:\windows\System32\CRYPT32.dll
0x00007ffd1c9d0000 - 0x00007ffd1c9fe000 	C:\windows\SYSTEM32\ncrypt.dll
0x00007ffd1c990000 - 0x00007ffd1c9c7000 	C:\windows\SYSTEM32\NTASN1.dll
0x00007ffd1c810000 - 0x00007ffd1c82b000 	C:\windows\SYSTEM32\CRYPTSP.dll
0x00007ffd1c070000 - 0x00007ffd1c0a5000 	C:\windows\system32\rsaenh.dll
0x00007ffd1c6b0000 - 0x00007ffd1c6d8000 	C:\windows\SYSTEM32\USERENV.dll
0x00007ffd1c830000 - 0x00007ffd1c83c000 	C:\windows\SYSTEM32\CRYPTBASE.dll
0x00007ffd1bbb0000 - 0x00007ffd1bbdd000 	C:\windows\SYSTEM32\IPHLPAPI.DLL
0x00007ffd1ddb0000 - 0x00007ffd1ddb9000 	C:\windows\System32\NSI.dll
0x00007ffd1bbe0000 - 0x00007ffd1bcd8000 	C:\windows\SYSTEM32\DNSAPI.dll
0x0000000062370000 - 0x00000000623a5000 	C:\Program Files\Bonjour\mdnsNSP.dll
0x00007ffd14620000 - 0x00007ffd1462a000 	C:\Windows\System32\rasadhlp.dll
0x00007ffd13e00000 - 0x00007ffd13e83000 	C:\windows\System32\fwpuclnt.dll

dbghelp: loaded successfully - version: 4.0.5 - missing functions: none
symbol engine: initialized successfully - sym options: 0x614 - pdb path: .;D:\Downloads\jdk-21.0.4_windows-x64_bin\jdk-21.0.4\bin;C:\windows\SYSTEM32;C:\windows\WinSxS\amd64_microsoft.windows.common-controls_6595b64144ccf1df_6.0.22621.3672_none_2713b9d173822955;D:\Downloads\jdk-21.0.4_windows-x64_bin\jdk-21.0.4\bin\server;C:\Program Files\Bonjour

VM Arguments:
jvm_args: -javaagent:D:\java\IntelliJ IDEA Community Edition 2025.2.3\lib\idea_rt.jar=64004 -Dfile.encoding=UTF-8 -Dsun.stdout.encoding=UTF-8 -Dsun.stderr.encoding=UTF-8 
java_command: com.ieltsgrading.ielts_evaluator.EoEoIeltsGradingAppApplication
java_class_path (initial): D:\ATI\ATI\target\classes;C:\Users\yenkh\.m2\repository\org\springframework\boot\spring-boot-starter-security\3.5.7\spring-boot-starter-security-3.5.7.jar;C:\Users\yenkh\.m2\repository\org\springframework\boot\spring-boot-starter\3.5.7\spring-boot-starter-3.5.7.jar;C:\Users\yenkh\.m2\repository\org\springframework\boot\spring-boot-starter-logging\3.5.7\spring-boot-starter-logging-3.5.7.jar;C:\Users\yenkh\.m2\repository\ch\qos\logback\logback-classic\1.5.20\logback-classic-1.5.20.jar;C:\Users\yenkh\.m2\repository\ch\qos\logback\logback-core\1.5.20\logback-core-1.5.20.jar;C:\Users\yenkh\.m2\repository\org\apache\logging\log4j\log4j-to-slf4j\2.24.3\log4j-to-slf4j-2.24.3.jar;C:\Users\yenkh\.m2\repository\org\apache\logging\log4j\log4j-api\2.24.3\log4j-api-2.24.3.jar;C:\Users\yenkh\.m2\repository\org\slf4j\jul-to-slf4j\2.0.17\jul-to-slf4j-2.0.17.jar;C:\Users\yenkh\.m2\repository\jakarta\annotation\jakarta.annotation-api\2.1.1\jakarta.annotation-api-2.1.1.jar;C:\Users\yenkh\.m2\repository\org\yaml\snakeyaml\2.4\snakeyaml-2.4.jar;C:\Users\yenkh\.m2\repository\org\springframework\spring-aop\6.2.12\spring-aop-6.2.12.jar;C:\Users\yenkh\.m2\repository\org\springframework\spring-beans\6.2.12\spring-beans-6.2.12.jar;C:\Users\yenkh\.m2\repository\org\springframework\security\spring-security-config\6.5.6\spring-security-config-6.5.6.jar;C:\Users\yenkh\.m2\repository\org\springframework\spring-context\6.2.12\spring-context-6.2.12.jar;C:\Users\yenkh\.m2\repository\org\springframework\security\spring-security-web\6.5.6\spring-security-web-6.5.6.jar;C:\Users\yenkh\.m2\repository\org\springframework\spring-expression\6.2.12\spring-expression-6.2.12.jar;C:\Users\yenkh\.m2\repository\org\springframework\boot\spring-boot-starter-web\3.5.7\spring-boot-starter-web-3.5.7.jar;C:\Users\yenkh\.m2\repository\org\springframework\boot\spring-boot-starter-json\3.5.7\spring-boot-starter-json-3.5.7.jar;C:\Users\yenkh\.m2\repository\com\fasterxml\jackson\datatype\jackson-datatype-jdk8\2.19.2\jackson-datatype-jdk8-2.19.2.jar;C:\Users\yenkh\.m2\repository\com\fasterxml\jackson\datatype\jackson-datatype-jsr310\2.19.2\jackson-datatype-jsr310-2.19.2.jar;C:\Users\yenkh\.m2\repository\com\fasterxml\jackson\module\jackson-module-parameter-names\2.19.2\jackson-module-parameter-names-2.19.2.jar;C:\Users\yenkh\.m2\repository\org\springframework\boot\spring-boot-starter-tomcat\3.5.7\spring-boot-starter-tomcat-3.5.7.jar;C:\Users\yenkh\.m2\repository\org\apache\tomcat\embed\tomcat-embed-core\10.1.48\tomcat-embed-core-10.1.48.jar;C:\Users\yenkh\.m2\repository\org\apache\tomcat\embed\tomcat-embed-websocket\10.1.48\tomcat-embed-websocket-10.1.48.jar;C:\Users\yenkh\.m2\repository\org\springframework\spring-web\6.2.12\spring-web-6.2.12.jar;C:\Users\yenkh\.m2\repository\io\micrometer\micrometer-observation\1.15.5\micrometer-observation-1.15.5.jar;C:\Users\yenkh\.m2\repository\io\micrometer\micrometer-commons\1.15.5\micrometer-commons-1.15.5.jar;C:\Users\yenkh\.m2\repository\org\springframework\spring-webmvc\6.2.12\spring-webmvc-6.2.12.jar;C:\Users\yenkh\.m2\repository\org\springframework\boot\spring-boot-starter-thymeleaf\3.5.7\spring-boot-starter-thymeleaf-3.5.7.jar;C:\Users\yenkh\.m2\repository\org\thymeleaf\thymeleaf-spring6\3.1.3.RELEASE\thymeleaf-spring6-3.1.3.RELEASE.jar;C:\Users\yenkh\.m2\repository\org\thymeleaf\thymeleaf\3.1.3.RELEASE\thymeleaf-3.1.3.RELEASE.jar;C:\Users\yenkh\.m2\repository\org\attoparser\attoparser\2.0.7.RELEASE\attoparser-2.0.7.RELEASE.jar;C:\Users\yenkh\.m2\repository\org\unbescape\unbescape\1.1.6.RELEASE\unbescape-1.1.6.RELEASE.jar;C:\Users\yenkh\.m2\repository\org\slf4j\slf4j-api\2.0.17\slf4j-api-2.0.17.jar;C:\Users\yenkh\.m2\repository\org\springframework\boot\spring-boot-starter-data-jpa\3.5.7\spring-boot-starter-data-jpa-3.5.7.jar;C:\Users\yenkh\.m2\repository\org\springframework\boot\spring-boot-starter-jdbc\3.5.7\spring-boot-starter-jdbc-3.5.7.jar;C:\Users\yenkh\.m2\repository\com\zaxxer\HikariCP\6.3.3\HikariCP-6.3.3.jar;C:\Users\yenkh\.m2\repository\org\springframework\spring-jdbc\6.2.12\spring-jdbc-6.2.12.jar;C:\Users\yenkh\.m2\repository\org\hibernate\orm\hibernate-core\6.6.33.Final\hibernate-core-6.6.33.Final.jar;C:\Users\yenkh\.m2\repository\jakarta\persistence\jakarta.persistence-api\3.1.0\jakarta.persistence-api-3.1.0.jar;C:\Users\yenkh\.m2\repository\jakarta\transaction\jakarta.transaction-api\2.0.1\jakarta.transaction-api-2.0.1.jar;C:\Users\yenkh\.m2\repository\org\jboss\logging\jboss-logging\3.6.1.Final\jboss-logging-3.6.1.Final.jar;C:\Users\yenkh\.m2\repository\org\hibernate\common\hibernate-commons-annotations\7.0.3.Final\hibernate-commons-annotations-7.0.3.Final.jar;C:\Users\yenkh\.m2\repository\io\smallrye\jandex\3.2.0\jandex-3.2.0.jar;C:\Users\yenkh\.m2\repository\com\fasterxml\classmate\1.7.1\classmate-1.7.1.jar;C:\Users\yenkh\.m2\repository\net\bytebuddy\byte-buddy\1.17.8\byte-buddy-1.17.8.jar;C:\Users\yenkh\.m2\repository\org\glassfish\jaxb\jaxb-runtime\4.0.6\jaxb-runtime-4.0.6.jar;C:\Users\yenkh\.m2\repository\org\glassfish\jaxb\jaxb-core\4.0.6\jaxb-core-4.0.6.jar;C:\Users\yenkh\.m2\repository\org\eclipse\angus\angus-activation\2.0.3\angus-activation-2.0.3.jar;C:\Users\yenkh\.m2\repository\org\glassfish\jaxb\txw2\4.0.6\txw2-4.0.6.jar;C:\Users\yenkh\.m2\repository\com\sun\istack\istack-commons-runtime\4.1.2\istack-commons-runtime-4.1.2.jar;C:\Users\yenkh\.m2\repository\jakarta\inject\jakarta.inject-api\2.0.1\jakarta.inject-api-2.0.1.jar;C:\Users\yenkh\.m2\repository\org\antlr\antlr4-runtime\4.13.0\antlr4-runtime-4.13.0.jar;C:\Users\yenkh\.m2\repository\org\springframework\data\spring-data-jpa\3.5.5\spring-data-jpa-3.5.5.jar;C:\Users\yenkh\.m2\repository\org\springframework\data\spring-data-commons\3.5.5\spring-data-commons-3.5.5.jar;C:\Users\yenkh\.m2\repository\org\springframework\spring-orm\6.2.12\spring-orm-6.2.12.jar;C:\Users\yenkh\.m2\repository\org\springframework\spring-tx\6.2.12\spring-tx-6.2.12.jar;C:\Users\yenkh\.m2\repository\org\springframework\spring-aspects\6.2.12\spring-aspects-6.2.12.jar;C:\Users\yenkh\.m2\repository\org\aspectj\aspectjweaver\1.9.24\aspectjweaver-1.9.24.jar;C:\Users\yenkh\.m2\repository\org\springframework\boot\spring-boot-starter-validation\3.5.7\spring-boot-starter-validation-3.5.7.jar;C:\Users\yenkh\.m2\repository\org\apache\tomcat\embed\tomcat-embed-el\10.1.48\tomcat-embed-el-10.1.48.jar;C:\Users\yenkh\.m2\repository\org\hibernate\validator\hibernate-validator\8.0.3.Final\hibernate-validator-8.0.3.Final.jar;C:\Users\yenkh\.m2\repository\jakarta\validation\jakarta.validation-api\3.0.2\jakarta.validation-api-3.0.2.jar;C:\Users\yenkh\.m2\repository\org\springframework\boot\spring-boot-starter-webflux\3.5.7\spring-boot-starter-webflux-3.5.7.jar;C:\Users\yenkh\.m2\repository\org\springframework\boot\spring-boot-starter-reactor-netty\3.5.7\spring-boot-starter-reactor-netty-3.5.7.jar;C:\Users\yenkh\.m2\repository\io\projectreactor\netty\reactor-netty-http\1.2.11\reactor-netty-http-1.2.11.jar;C:\Users\yenkh\.m2\repository\io\netty\netty-codec-http\4.1.128.Final\netty-codec-http-4.1.128.Final.jar;C:\Users\yenkh\.m2\repository\io\netty\netty-common\4.1.128.Final\netty-common-4.1.128.Final.jar;C:\Users\yenkh\.m2\repository\io\netty\netty-buffer\4.1.128.Final\netty-buffer-4.1.128.Final.jar;C:\Users\yenkh\.m2\repository\io\netty\netty-transport\4.1.128.Final\netty-transport-4.1.128.Final.jar;C:\Users\yenkh\.m2\repository\io\netty\netty-codec\4.1.128.Final\netty-codec-4.1.128.Final.jar;C:\Users\yenkh\.m2\repository\io\netty\netty-handler\4.1.128.Final\netty-handler-4.1.128.Final.jar;C:\Users\yenkh\.m2\repository\io\netty\netty-codec-http2\4.1.128.Final\netty-codec-http2-4.1.128.Final.jar;C:\Users\yenkh\.m2\repository\io\netty\netty-resolver-dns\4.1.128.Final\netty-resolver-dns-4.1.128.Final.jar;C:\Users\yenkh\.m2\repository\io\netty\netty-resolver\4.1.128.Final\netty-resolver-4.1.128.Final.jar;C:\Users\yenkh\.m2\repository\io\netty\netty-codec-dns\4.1.128.Final\netty-codec-dns-4.1.128.Final.jar;C:\Users\yenkh\.m2\repository\io\netty\netty-resolver-dns-native-macos\4.1.128.Final\netty-resolver-dns-native-macos-4.1.128.Final-osx-x86_64.jar;C:\Users\yenkh\.m2\repository\io\netty\netty-resolver-dns-classes-macos\4.1.128.Final\netty-resolver-dns-classes-macos-4.1.128.Final.jar;C:\Users\yenkh\.m2\repository\io\netty\netty-transport-native-epoll\4.1.128.Final\netty-transport-native-epoll-4.1.128.Final-linux-x86_64.jar;C:\Users\yenkh\.m2\repository\io\netty\netty-transport-native-unix-common\4.1.128.Final\netty-transport-native-unix-common-4.1.128.Final.jar;C:\Users\yenkh\.m2\repository\io\netty\netty-transport-classes-epoll\4.1.128.Final\netty-transport-classes-epoll-4.1.128.Final.jar;C:\Users\yenkh\.m2\repository\io\projectreactor\netty\reactor-netty-core\1.2.11\reactor-netty-core-1.2.11.jar;C:\Users\yenkh\.m2\repository\io\netty\netty-handler-proxy\4.1.128.Final\netty-handler-proxy-4.1.128.Final.jar;C:\Users\yenkh\.m2\repository\io\netty\netty-codec-socks\4.1.128.Final\netty-codec-socks-4.1.128.Final.jar;C:\Users\yenkh\.m2\repository\org\springframework\spring-webflux\6.2.12\spring-webflux-6.2.12.jar;C:\Users\yenkh\.m2\repository\com\fasterxml\jackson\core\jackson-databind\2.19.2\jackson-databind-2.19.2.jar;C:\Users\yenkh\.m2\repository\com\fasterxml\jackson\core\jackson-annotations\2.19.2\jackson-annotations-2.19.2.jar;C:\Users\yenkh\.m2\repository\com\fasterxml\jackson\core\jackson-core\2.19.2\jackson-core-2.19.2.jar;C:\Users\yenkh\.m2\repository\de\codecentric\spring-boot-admin-starter-server\3.5.5\spring-boot-admin-starter-server-3.5.5.jar;C:\Users\yenkh\.m2\repository\de\codecentric\spring-boot-admin-server\3.5.5\spring-boot-admin-server-3.5.5.jar;C:\Users\yenkh\.m2\repository\org\springframework\boot\spring-boot-starter-actuator\3.5.7\spring-boot-starter-actuator-3.5.7.jar;C:\Users\yenkh\.m2\repository\org\springframework\boot\spring-boot-actuator-autoconfigure\3.5.7\spring-boot-actuator-autoconfigure-3.5.7.jar;C:\Users\yenkh\.m2\repository\org\springframework\boot\spring-boot-actuator\3.5.7\spring-boot-actuator-3.5.7.jar;C:\Users\yenkh\.m2\repository\io\micrometer\micrometer-jakarta9\1.15.5\micrometer-jakarta9-1.15.5.jar;C:\Users\yenkh\.m2\repository\io\micrometer\micrometer-core\1.15.5\micrometer-core-1.15.5.jar;C:\Users\yenkh\.m2\repository\org\hdrhistogram\HdrHistogram\2.2.2\HdrHistogram-2.2.2.jar;C:\Users\yenkh\.m2\repository\org\latencyutils\LatencyUtils\2.0.3\LatencyUtils-2.0.3.jar;C:\Users\yenkh\.m2\repository\org\apache\httpcomponents\client5\httpclient5\5.5.1\httpclient5-5.5.1.jar;C:\Users\yenkh\.m2\repository\org\apache\httpcomponents\core5\httpcore5\5.3.6\httpcore5-5.3.6.jar;C:\Users\yenkh\.m2\repository\org\apache\httpcomponents\core5\httpcore5-h2\5.3.6\httpcore5-h2-5.3.6.jar;C:\Users\yenkh\.m2\repository\io\projectreactor\addons\reactor-extra\3.5.4\reactor-extra-3.5.4.jar;C:\Users\yenkh\.m2\repository\de\codecentric\spring-boot-admin-server-ui\3.5.5\spring-boot-admin-server-ui-3.5.5.jar;C:\Users\yenkh\.m2\repository\de\codecentric\spring-boot-admin-server-cloud\3.5.5\spring-boot-admin-server-cloud-3.5.5.jar;C:\Users\yenkh\.m2\repository\org\springframework\boot\spring-boot-devtools\3.5.7\spring-boot-devtools-3.5.7.jar;C:\Users\yenkh\.m2\repository\org\springframework\boot\spring-boot\3.5.7\spring-boot-3.5.7.jar;C:\Users\yenkh\.m2\repository\org\springframework\boot\spring-boot-autoconfigure\3.5.7\spring-boot-autoconfigure-3.5.7.jar;C:\Users\yenkh\.m2\repository\com\mysql\mysql-connector-j\9.4.0\mysql-connector-j-9.4.0.jar;C:\Users\yenkh\.m2\repository\jakarta\xml\bind\jakarta.xml.bind-api\4.0.4\jakarta.xml.bind-api-4.0.4.jar;C:\Users\yenkh\.m2\repository\jakarta\activation\jakarta.activation-api\2.1.4\jakarta.activation-api-2.1.4.jar;C:\Users\yenkh\.m2\repository\org\springframework\spring-core\6.2.12\spring-core-6.2.12.jar;C:\Users\yenkh\.m2\repository\org\springframework\spring-jcl\6.2.12\spring-jcl-6.2.12.jar;C:\Users\yenkh\.m2\repository\io\projectreactor\reactor-core\3.7.12\reactor-core-3.7.12.jar;C:\Users\yenkh\.m2\repository\org\reactivestreams\reactive-streams\1.0.4\reactive-streams-1.0.4.jar;C:\Users\yenkh\.m2\repository\org\springframework\security\spring-security-core\6.5.6\spring-security-core-6.5.6.jar;C:\Users\yenkh\.m2\repository\org\springframework\security\spring-security-crypto\6.5.6\spring-security-crypto-6.5.6.jar
Launcher Type: SUN_STANDARD

[Global flags]
     intx CICompilerCount                          = 12                                        {product} {ergonomic}
     uint ConcGCThreads                            = 3                                         {product} {ergonomic}
     uint G1ConcRefinementThreads                  = 13                                        {product} {ergonomic}
   size_t G1HeapRegionSize                         = 1048576                                   {product} {ergonomic}
    uintx GCDrainStackTargetSize                   = 64                                        {product} {ergonomic}
   size_t InitialHeapSize                          = 130023424                                 {product} {ergonomic}
   size_t MarkStackSize                            = 4194304                                   {product} {ergonomic}
   size_t MaxHeapSize                              = 2061500416                                {product} {ergonomic}
   size_t MaxNewSize                               = 1236271104                                {product} {ergonomic}
   size_t MinHeapDeltaBytes                        = 1048576                                   {product} {ergonomic}
   size_t MinHeapSize                              = 8388608                                   {product} {ergonomic}
    uintx NonNMethodCodeHeapSize                   = 7602480                                {pd product} {ergonomic}
    uintx NonProfiledCodeHeapSize                  = 122027880                              {pd product} {ergonomic}
    uintx ProfiledCodeHeapSize                     = 122027880                              {pd product} {ergonomic}
    uintx ReservedCodeCacheSize                    = 251658240                              {pd product} {ergonomic}
     bool SegmentedCodeCache                       = true                                      {product} {ergonomic}
   size_t SoftMaxHeapSize                          = 2061500416                             {manageable} {ergonomic}
     bool UseCompressedOops                        = true                           {product lp64_product} {ergonomic}
     bool UseG1GC                                  = true                                      {product} {ergonomic}
     bool UseLargePagesIndividualAllocation        = false                                  {pd product} {ergonomic}

Logging:
Log output configuration:
 #0: stdout all=warning uptime,level,tags foldmultilines=false
 #1: stderr all=off uptime,level,tags foldmultilines=false

Environment Variables:
JAVA_HOME=D:\Downloads\jdk-21.0.4_windows-x64_bin\jdk-21.0.4
PATH=%JAVA_HOME%\bin;%M2_HOME%\bin;C:\windows\system32;C:\windows;C:\windows\System32\Wbem;C:\windows\System32\WindowsPowerShell\v1.0\;C:\windows\System32\OpenSSH\;C:\Program Files (x86)\Microsoft SQL Server\160\Tools\Binn\;C:\Program Files\Microsoft SQL Server\160\Tools\Binn\;C:\Program Files\Microsoft SQL Server\Client SDK\ODBC\170\Tools\Binn\;C:\Program Files\Microsoft SQL Server\160\DTS\Binn\;D:\Downloads\jdk-21.0.4_windows-x64_bin\jdk-21.0.4\bin;C:\Program Files\MySQL\MySQL Server 8.0\bin;D:\Git\cmd;C:\Users\yenkh\AppData\Local\Microsoft\WinGet\Packages\Gyan.FFmpeg_Microsoft.Winget.Source_8wekyb3d8bbwe\ffmpeg-8.0-full_build\bin;C:\Program Files\MySQL\MySQL Shell 8.0\bin\;D:\Downloads\AIN6\Scripts\;D:\Downloads\AIN6\;C:\Users\yenkh\AppData\Local\Microsoft\WindowsApps;D:\Python\pythonProject\.venv\Scripts;D:\Downloads\apache-maven-3.9.9-bin\apache-maven-3.9.9\bin;D:\Git\bin;D:\web\Microsoft VS Code\bin;D:\Git\Git\cmd;D:\java\IntelliJ IDEA Community Edition 2025.2.3\bin
USERNAME=yenkh
OS=Windows_NT
PROCESSOR_IDENTIFIER=Intel64 Family 6 Model 154 Stepping 3, GenuineIntel
TMP=C:\Users\yenkh\AppData\Local\Temp
TEMP=C:\Users\yenkh\AppData\Local\Temp




Periodic native trim disabled

---------------  S Y S T E M  ---------------

OS:
 Windows 11 , 64 bit Build 22621 (10.0.22621.3958)
OS uptime: 15 days 7:51 hours
Hyper-V role detected

CPU: total 16 (initial active 16) (8 cores per cpu, 2 threads per core) family 6 model 154 stepping 3 microcode 0x42c, cx8, cmov, fxsr, ht, mmx, 3dnowpref, sse, sse2, sse3, ssse3, sse4.1, sse4.2, popcnt, lzcnt, tsc, tscinvbit, avx, avx2, aes, erms, clmul, bmi1, bmi2, adx, sha, fma, vzeroupper, clflush, clflushopt, clwb, hv, serialize, rdtscp, rdpid, fsrm, f16c, cet_ibt, cet_ss
Processor Information for processor 0
  Max Mhz: 1700, Current Mhz: 1700, Mhz Limit: 1700
Processor Information for processor 1
  Max Mhz: 1700, Current Mhz: 1700, Mhz Limit: 1700
Processor Information for processor 2
  Max Mhz: 1700, Current Mhz: 1700, Mhz Limit: 1700
Processor Information for processor 3
  Max Mhz: 1700, Current Mhz: 1700, Mhz Limit: 1700
Processor Information for processor 4
  Max Mhz: 1700, Current Mhz: 1700, Mhz Limit: 1700
Processor Information for processor 5
  Max Mhz: 1700, Current Mhz: 1700, Mhz Limit: 1700
Processor Information for processor 6
  Max Mhz: 1700, Current Mhz: 1700, Mhz Limit: 1700
Processor Information for processor 7
  Max Mhz: 1700, Current Mhz: 1700, Mhz Limit: 1700
Processor Information for processor 8
  Max Mhz: 1700, Current Mhz: 1200, Mhz Limit: 1190
Processor Information for processor 9
  Max Mhz: 1700, Current Mhz: 1200, Mhz Limit: 1190
Processor Information for processor 10
  Max Mhz: 1700, Current Mhz: 1200, Mhz Limit: 1190
Processor Information for processor 11
  Max Mhz: 1700, Current Mhz: 1200, Mhz Limit: 1190
Processor Information for processor 12
  Max Mhz: 1700, Current Mhz: 1200, Mhz Limit: 1190
Processor Information for processor 13
  Max Mhz: 1700, Current Mhz: 1200, Mhz Limit: 1190
Processor Information for processor 14
  Max Mhz: 1700, Current Mhz: 1200, Mhz Limit: 1190
Processor Information for processor 15
  Max Mhz: 1700, Current Mhz: 1200, Mhz Limit: 1190

Memory: 4k page, system-wide physical 7860M (1242M free)
TotalPageFile size 15718M (AvailPageFile size 6M)
current process WorkingSet (physical memory assigned to process): 307M, peak: 307M
current process commit charge ("private bytes"): 355M, peak: 356M

vm_info: Java HotSpot(TM) 64-Bit Server VM (21.0.4+8-LTS-274) for windows-amd64 JRE (21.0.4+8-LTS-274), built on 2024-06-05T05:23:33Z by "mach5one" with MS VC++ 17.6 (VS2022)

END.
